 NativeConssoleAppAids32

 Timestamp is 62ba8f09 (Tue Jun 28 00:18:01 2022)

 Preferred load address is 10000000

 Start         Length     Name                   Class
 0001:00000000 000012d9H .text$mn                CODE
 0002:00000000 000000c0H .idata$5                DATA
 0002:000000c0 00000004H .00cfg                  DATA
 0002:000000c4 00000004H .CRT$XCA                DATA
 0002:000000c8 00000004H .CRT$XCZ                DATA
 0002:000000cc 00000004H .CRT$XIA                DATA
 0002:000000d0 00000004H .CRT$XIZ                DATA
 0002:000000d4 00000004H .CRT$XPA                DATA
 0002:000000d8 00000004H .CRT$XPZ                DATA
 0002:000000dc 00000004H .CRT$XTA                DATA
 0002:000000e0 00000008H .CRT$XTZ                DATA
 0002:000000e4 00000000H .gfids$y                DATA
 0002:000000e8 00000258H .rdata                  DATA
 0002:00000340 00000000H .rdata$CastGuardVftablesA DATA
 0002:00000340 00000000H .rdata$CastGuardVftablesC DATA
 0002:00000340 00000004H .rdata$sxdata           DATA
 0002:00000344 00000040H .rdata$voltmd           DATA
 0002:00000384 000002e4H .rdata$zzzdbg           DATA
 0002:00000668 00000004H .rtc$IAA                DATA
 0002:0000066c 00000004H .rtc$IZZ                DATA
 0002:00000670 00000004H .rtc$TAA                DATA
 0002:00000674 00000004H .rtc$TZZ                DATA
 0002:00000678 000000d8H .xdata$x                DATA
 0002:00000750 000000f8H .edata                  DATA
 0002:00000848 00000064H .idata$2                DATA
 0002:000008ac 00000014H .idata$3                DATA
 0002:000008c0 000000c0H .idata$4                DATA
 0002:00000980 00000428H .idata$6                DATA
 0003:00000000 00000018H .data                   DATA
 0003:00000018 00000380H .bss                    DATA
 0004:00000000 00000120H .rsrc$01                DATA
 0004:00000120 000010c8H .rsrc$02                DATA

  Address         Publics by Value              Rva+Base       Lib:Object

 0000:00000000       ___hybrid_auxiliary_iat_copy 00000000     <absolute>
 0000:00000000       ___guard_fids_table        00000000     <absolute>
 0000:00000000       ___enclave_config          00000000     <absolute>
 0000:00000000       ___arm64x_redirection_metadata_count 00000000     <absolute>
 0000:00000000       ___guard_check_icall_a64n_fptr 00000000     <absolute>
 0000:00000000       ___guard_longjmp_count     00000000     <absolute>
 0000:00000000       ___guard_iat_table         00000000     <absolute>
 0000:00000000       ___x64_code_ranges_to_entry_points_count 00000000     <absolute>
 0000:00000000       ___guard_iat_count         00000000     <absolute>
 0000:00000000       ___guard_eh_cont_table     00000000     <absolute>
 0000:00000000       ___guard_fids_count        00000000     <absolute>
 0000:00000000       ___arm64x_native_entrypoint 00000000     <absolute>
 0000:00000000       ___guard_longjmp_table     00000000     <absolute>
 0000:00000000       ___arm64x_extra_rfe_table  00000000     <absolute>
 0000:00000000       ___arm64x_redirection_metadata 00000000     <absolute>
 0000:00000000       ___guard_eh_cont_count     00000000     <absolute>
 0000:00000000       ___hybrid_code_map_count   00000000     <absolute>
 0000:00000000       ___AbsoluteZero            00000000     <absolute>
 0000:00000000       ___x64_code_ranges_to_entry_points 00000000     <absolute>
 0000:00000000       ___hybrid_code_map         00000000     <absolute>
 0000:00000000       ___arm64x_extra_rfe_table_size 00000000     <absolute>
 0000:00000000       ___hybrid_auxiliary_iat    00000000     <absolute>
 0000:00000000       ___dynamic_value_reloc_table 00000000     <absolute>
 0000:00000001       ___safe_se_handler_count   00000001     <absolute>
 0000:00000100       ___guard_flags             00000100     <absolute>
 0000:00000000       ___ImageBase               10000000     <linker-defined>
 0001:00000000       _DllMain@12                10001000 f   dllmain.obj
 0001:00000030       ___local_stdio_printf_options 10001030 f i ShowPlatformA.obj
 0001:00000040       _fprintf                   10001040 f i ShowPlatformA.obj
 0001:00000070       _printf                    10001070 f i ShowPlatformA.obj
 0001:000000a0       _ShowPlatformA@8           100010a0 f   ShowPlatformA.obj
 0001:000001d0       _fwprintf                  100011d0 f i ShowPlatformW.obj
 0001:00000200       _wprintf                   10001200 f i ShowPlatformW.obj
 0001:00000230       _ShowPlatformW@8           10001230 f   ShowPlatformW.obj
 0001:00000330       _ShowProgramInfoA@8        10001330 f   ShowProgramInfoA.obj
 0001:00000400       _ShowProgramInfoW@8        10001400 f   ShowProgramInfoW.obj
 0001:000004d0       _WaitForCarbonUnitA@4      100014d0 f   CRTWaitForCarbonUnitA.obj
 0001:00000560       _WaitForCarbonUnitW@4      10001560 f   CRTWaitForCarbonUnitW.obj
 0001:000005e6       @__security_check_cookie@4 100015e6 f   MSVCRT:secchk.obj
 0001:000005f4       __except_handler4          100015f4 f   MSVCRT:chandler4gs.obj
 0001:00000963       __DllMainCRTStartup@12     10001963 f   MSVCRT:dll_dllmain.obj
 0001:00000986       ___raise_securityfailure   10001986 f   MSVCRT:gs_report.obj
 0001:000009ae       ___report_gsfailure        100019ae f   MSVCRT:gs_report.obj
 0001:00000af5       ___security_init_cookie    10001af5 f   MSVCRT:gs_support.obj
 0001:00000b40       ?__scrt_initialize_type_info@@YAXXZ 10001b40 f   MSVCRT:tncleanup.obj
 0001:00000b4c       ?__scrt_uninitialize_type_info@@YAXXZ 10001b4c f   MSVCRT:tncleanup.obj
 0001:00000b58       ___local_stdio_scanf_options 10001b58 f i MSVCRT:default_local_stdio_options.obj
 0001:00000b5e       ___scrt_initialize_default_local_stdio_options 10001b5e f   MSVCRT:default_local_stdio_options.obj
 0001:00000bbf       ___scrt_acquire_startup_lock 10001bbf f   MSVCRT:utility.obj
 0001:00000bf1       ___scrt_dllmain_after_initialize_c 10001bf1 f   MSVCRT:utility.obj
 0001:00000c1c       ___scrt_dllmain_before_initialize_c 10001c1c f   MSVCRT:utility.obj
 0001:00000c2a       ___scrt_dllmain_crt_thread_attach 10001c2a f   MSVCRT:utility.obj
 0001:00000c49       ___scrt_dllmain_crt_thread_detach 10001c49 f   MSVCRT:utility.obj
 0001:00000c56       ___scrt_dllmain_exception_filter 10001c56 f   MSVCRT:utility.obj
 0001:00000c8a       ___scrt_dllmain_uninitialize_c 10001c8a f   MSVCRT:utility.obj
 0001:00000cad       ___scrt_dllmain_uninitialize_critical 10001cad f   MSVCRT:utility.obj
 0001:00000cba       ___scrt_initialize_crt     10001cba f   MSVCRT:utility.obj
 0001:00000cf3       ___scrt_initialize_onexit_tables 10001cf3 f   MSVCRT:utility.obj
 0001:00000d7a       ___scrt_is_nonwritable_in_current_image 10001d7a f   MSVCRT:utility.obj
 0001:00000e0e       ___scrt_release_startup_lock 10001e0e f   MSVCRT:utility.obj
 0001:00000e2b       ___scrt_uninitialize_crt   10001e2b f   MSVCRT:utility.obj
 0001:00000e53       ___scrt_get_dyn_tls_init_callback 10001e53 f   MSVCRT:dyn_tls_init.obj
 0001:00000e59       ___scrt_fastfail           10001e59 f   MSVCRT:utility_desktop.obj
 0001:00000f74       __crt_debugger_hook        10001f74 f   MSVCRT:utility_desktop.obj
 0001:00000f7c       __RTC_Initialize           10001f7c f   MSVCRT:initsect.obj
 0001:00000fa8       __RTC_Terminate            10001fa8 f   MSVCRT:initsect.obj
 0001:00000ff0       __SEH_prolog4              10001ff0 f   MSVCRT:sehprolg4.obj
 0001:00001035       @_guard_check_icall_nop@4  10002035 f i MSVCRT:guard_support.obj
 0001:00001038       ___isa_available_init      10002038 f   MSVCRT:cpu_disp.obj
 0001:00001209       __get_startup_argv_mode    10002209 f   MSVCRT:argv_mode.obj
 0001:0000120d       ___scrt_is_ucrt_dll_in_use 1000220d f   MSVCRT:ucrt_detection.obj
 0001:00001219       __except_handler4_common   10002219 f   vcruntime:VCRUNTIME140.dll
 0001:0000121f       ___std_type_info_destroy_list 1000221f f   vcruntime:VCRUNTIME140.dll
 0001:00001225       _memset                    10002225 f   vcruntime:VCRUNTIME140.dll
 0001:0000122b       __initterm                 1000222b f   ucrt:api-ms-win-crt-runtime-l1-1-0.dll
 0001:00001231       __initterm_e               10002231 f   ucrt:api-ms-win-crt-runtime-l1-1-0.dll
 0001:00001237       __seh_filter_dll           10002237 f   ucrt:api-ms-win-crt-runtime-l1-1-0.dll
 0001:0000123d       __configure_narrow_argv    1000223d f   ucrt:api-ms-win-crt-runtime-l1-1-0.dll
 0001:00001243       __initialize_narrow_environment 10002243 f   ucrt:api-ms-win-crt-runtime-l1-1-0.dll
 0001:00001249       __initialize_onexit_table  10002249 f   ucrt:api-ms-win-crt-runtime-l1-1-0.dll
 0001:0000124f       __execute_onexit_table     1000224f f   ucrt:api-ms-win-crt-runtime-l1-1-0.dll
 0001:00001255       __cexit                    10002255 f   ucrt:api-ms-win-crt-runtime-l1-1-0.dll
 0001:0000125b       __filter_x86_sse2_floating_point_exception_default 1000225b f   MSVCRT:x86_exception_filter.obj
 0001:0000125b       __filter_x86_sse2_floating_point_exception 1000225b f   MSVCRT:x86_exception_filter.obj
 0001:000012d3       ___scrt_stub_for_acrt_thread_detach 100022d3 f   MSVCRT:ucrt_stubs.obj
 0001:000012d3       ___scrt_stub_for_acrt_initialize 100022d3 f   MSVCRT:ucrt_stubs.obj
 0001:000012d3       ___scrt_stub_for_acrt_uninitialize_critical 100022d3 f   MSVCRT:ucrt_stubs.obj
 0001:000012d3       ___vcrt_uninitialize       100022d3 f   MSVCRT:ucrt_stubs.obj
 0001:000012d3       ___vcrt_thread_attach      100022d3 f   MSVCRT:ucrt_stubs.obj
 0001:000012d3       ___acrt_uninitialize       100022d3 f   MSVCRT:ucrt_stubs.obj
 0001:000012d3       ___vcrt_uninitialize_critical 100022d3 f   MSVCRT:ucrt_stubs.obj
 0001:000012d3       ___vcrt_thread_detach      100022d3 f   MSVCRT:ucrt_stubs.obj
 0001:000012d3       ___scrt_stub_for_acrt_thread_attach 100022d3 f   MSVCRT:ucrt_stubs.obj
 0001:000012d3       ___acrt_thread_attach      100022d3 f   MSVCRT:ucrt_stubs.obj
 0001:000012d3       ___acrt_uninitialize_critical 100022d3 f   MSVCRT:ucrt_stubs.obj
 0001:000012d3       ___acrt_thread_detach      100022d3 f   MSVCRT:ucrt_stubs.obj
 0001:000012d3       ___vcrt_initialize         100022d3 f   MSVCRT:ucrt_stubs.obj
 0001:000012d3       ___acrt_initialize         100022d3 f   MSVCRT:ucrt_stubs.obj
 0001:000012d3       ___scrt_stub_for_acrt_uninitialize 100022d3 f   MSVCRT:ucrt_stubs.obj
 0001:000012d6       ___scrt_stub_for_is_c_termination_complete 100022d6 f   MSVCRT:ucrt_stubs.obj
 0001:000012d6       __is_c_termination_complete 100022d6 f   MSVCRT:ucrt_stubs.obj
 0002:00000000       __imp__SetUnhandledExceptionFilter@4 10003000     kernel32:KERNEL32.dll
 0002:00000004       __imp__GetCurrentProcess@0 10003004     kernel32:KERNEL32.dll
 0002:00000008       __imp__TerminateProcess@8  10003008     kernel32:KERNEL32.dll
 0002:0000000c       __imp__IsProcessorFeaturePresent@4 1000300c     kernel32:KERNEL32.dll
 0002:00000010       __imp__QueryPerformanceCounter@4 10003010     kernel32:KERNEL32.dll
 0002:00000014       __imp__GetCurrentProcessId@0 10003014     kernel32:KERNEL32.dll
 0002:00000018       __imp__GetCurrentThreadId@0 10003018     kernel32:KERNEL32.dll
 0002:0000001c       __imp__GetSystemTimeAsFileTime@4 1000301c     kernel32:KERNEL32.dll
 0002:00000020       __imp__InitializeSListHead@4 10003020     kernel32:KERNEL32.dll
 0002:00000024       __imp__IsDebuggerPresent@0 10003024     kernel32:KERNEL32.dll
 0002:00000028       __imp__GetProcessHeap@0    10003028     kernel32:KERNEL32.dll
 0002:0000002c       __imp__HeapFree@12         1000302c     kernel32:KERNEL32.dll
 0002:00000030       __imp__SetLastError@4      10003030     kernel32:KERNEL32.dll
 0002:00000034       __imp__HeapAlloc@12        10003034     kernel32:KERNEL32.dll
 0002:00000038       __imp__Beep@8              10003038     kernel32:KERNEL32.dll
 0002:0000003c       __imp__UnhandledExceptionFilter@4 1000303c     kernel32:KERNEL32.dll
 0002:00000040       \177KERNEL32_NULL_THUNK_DATA 10003040     kernel32:KERNEL32.dll
 0002:00000044       __imp__ProgramIDFromArgVW@4 10003044     NativeStringAids32:NativeStringAids32.dll
 0002:00000048       __imp__GetFileVersionW@12  10003048     NativeStringAids32:NativeStringAids32.dll
 0002:0000004c       __imp__ProgramIDFromArgVA@4 1000304c     NativeStringAids32:NativeStringAids32.dll
 0002:00000050       __imp__GetFileVersionA@12  10003050     NativeStringAids32:NativeStringAids32.dll
 0002:00000054       __imp__GetExeHameFromWindowsW@0 10003054     NativeStringAids32:NativeStringAids32.dll
 0002:00000058       __imp__FB_FormatMessage2W@12 10003058     NativeStringAids32:NativeStringAids32.dll
 0002:0000005c       __imp__GetUnicodeStringPointer@12 1000305c     NativeStringAids32:NativeStringAids32.dll
 0002:00000060       __imp__FB_FormatMessage2A@12 10003060     NativeStringAids32:NativeStringAids32.dll
 0002:00000064       __imp__IsBufFerFromHeap@8  10003064     NativeStringAids32:NativeStringAids32.dll
 0002:00000068       __imp__GetANSIStringPointer@12 10003068     NativeStringAids32:NativeStringAids32.dll
 0002:0000006c       __imp__GetExeHameFromWindowsA@0 1000306c     NativeStringAids32:NativeStringAids32.dll
 0002:00000070       \177NativeStringAids32_NULL_THUNK_DATA 10003070     NativeStringAids32:NativeStringAids32.dll
 0002:00000074       __imp____std_type_info_destroy_list 10003074     vcruntime:VCRUNTIME140.dll
 0002:00000078       __imp___except_handler4_common 10003078     vcruntime:VCRUNTIME140.dll
 0002:0000007c       __imp__memset              1000307c     vcruntime:VCRUNTIME140.dll
 0002:00000080       \177VCRUNTIME140_NULL_THUNK_DATA 10003080     vcruntime:VCRUNTIME140.dll
 0002:00000084       __imp___execute_onexit_table 10003084     ucrt:api-ms-win-crt-runtime-l1-1-0.dll
 0002:00000088       __imp___initialize_onexit_table 10003088     ucrt:api-ms-win-crt-runtime-l1-1-0.dll
 0002:0000008c       __imp___initterm           1000308c     ucrt:api-ms-win-crt-runtime-l1-1-0.dll
 0002:00000090       __imp___initialize_narrow_environment 10003090     ucrt:api-ms-win-crt-runtime-l1-1-0.dll
 0002:00000094       __imp___configure_narrow_argv 10003094     ucrt:api-ms-win-crt-runtime-l1-1-0.dll
 0002:00000098       __imp___seh_filter_dll     10003098     ucrt:api-ms-win-crt-runtime-l1-1-0.dll
 0002:0000009c       __imp___cexit              1000309c     ucrt:api-ms-win-crt-runtime-l1-1-0.dll
 0002:000000a0       __imp___initterm_e         100030a0     ucrt:api-ms-win-crt-runtime-l1-1-0.dll
 0002:000000a4       \177api-ms-win-crt-runtime-l1-1-0_NULL_THUNK_DATA 100030a4     ucrt:api-ms-win-crt-runtime-l1-1-0.dll
 0002:000000a8       __imp____stdio_common_vfwprintf 100030a8     ucrt:api-ms-win-crt-stdio-l1-1-0.dll
 0002:000000ac       __imp___fgetchar           100030ac     ucrt:api-ms-win-crt-stdio-l1-1-0.dll
 0002:000000b0       __imp____stdio_common_vfprintf 100030b0     ucrt:api-ms-win-crt-stdio-l1-1-0.dll
 0002:000000b4       __imp___fgetwchar          100030b4     ucrt:api-ms-win-crt-stdio-l1-1-0.dll
 0002:000000b8       __imp____acrt_iob_func     100030b8     ucrt:api-ms-win-crt-stdio-l1-1-0.dll
 0002:000000bc       \177api-ms-win-crt-stdio-l1-1-0_NULL_THUNK_DATA 100030bc     ucrt:api-ms-win-crt-stdio-l1-1-0.dll
 0002:000000c0       ___guard_check_icall_fptr  100030c0     MSVCRT:guard_support.obj
 0002:000000c4       ___xc_a                    100030c4     MSVCRT:initializers.obj
 0002:000000c8       ___xc_z                    100030c8     MSVCRT:initializers.obj
 0002:000000cc       ___xi_a                    100030cc     MSVCRT:initializers.obj
 0002:000000d0       ___xi_z                    100030d0     MSVCRT:initializers.obj
 0002:000000d4       ___xp_a                    100030d4     MSVCRT:initializers.obj
 0002:000000d8       ___xp_z                    100030d8     MSVCRT:initializers.obj
 0002:000000dc       ___xt_a                    100030dc     MSVCRT:initializers.obj
 0002:000000e0       ___xt_z                    100030e0     MSVCRT:initializers.obj
 0002:000000e8       __pRawDllMain              100030e8     MSVCRT:dll_dllmain.obj
 0002:000000e8       __pDefaultRawDllMain       100030e8     MSVCRT:dll_dllmain.obj
 0002:000000f4       ??_C@_0CE@GKHGKGDN@?6Status?5code?5?$DN?50x?$CF04X?5?$CI?$CFi?5decim@ 100030f4     CRTWaitForCarbonUnitA.obj
 0002:00000118       ??_C@_0DK@FEFEPIHP@Please?5press?5the?5Return?5?$CIENTER?$CJ@ 10003118     CRTWaitForCarbonUnitA.obj
 0002:00000158       ??_C@_1EI@NEHDNBKB@?$AA?6?$AAS?$AAt?$AAa?$AAt?$AAu?$AAs?$AA?5?$AAc?$AAo?$AAd?$AAe?$AA?5?$AA?$DN?$AA?5@ 10003158     CRTWaitForCarbonUnitW.obj
 0002:000001a0       ??_C@_1HE@CDOPALOC@?$AAP?$AAl?$AAe?$AAa?$AAs?$AAe?$AA?5?$AAp?$AAr?$AAe?$AAs?$AAs?$AA?5?$AAt?$AAh@ 100031a0     CRTWaitForCarbonUnitW.obj
 0002:00000268       __load_config_used         10003268     MSVCRT:loadcfg.obj
 0002:00000340       ___safe_se_handler_table   10003340     <linker-defined>
 0002:00000344       ___volatile_metadata       10003344     <linker-defined>
 0002:00000668       ___rtc_iaa                 10003668     MSVCRT:initsect.obj
 0002:0000066c       ___rtc_izz                 1000366c     MSVCRT:initsect.obj
 0002:00000670       ___rtc_taa                 10003670     MSVCRT:initsect.obj
 0002:00000674       ___rtc_tzz                 10003674     MSVCRT:initsect.obj
 0002:00000848       __IMPORT_DESCRIPTOR_NativeStringAids32 10003848     NativeStringAids32:NativeStringAids32.dll
 0002:0000085c       __IMPORT_DESCRIPTOR_KERNEL32 1000385c     kernel32:KERNEL32.dll
 0002:00000870       __IMPORT_DESCRIPTOR_VCRUNTIME140 10003870     vcruntime:VCRUNTIME140.dll
 0002:00000884       __IMPORT_DESCRIPTOR_api-ms-win-crt-stdio-l1-1-0 10003884     ucrt:api-ms-win-crt-stdio-l1-1-0.dll
 0002:00000898       __IMPORT_DESCRIPTOR_api-ms-win-crt-runtime-l1-1-0 10003898     ucrt:api-ms-win-crt-runtime-l1-1-0.dll
 0002:000008ac       __NULL_IMPORT_DESCRIPTOR   100038ac     NativeStringAids32:NativeStringAids32.dll
 0003:00000000       ___security_cookie_complement 10004000     MSVCRT:gs_cookie.obj
 0003:00000004       ___security_cookie         10004004     MSVCRT:gs_cookie.obj
 0003:00000008       ___scrt_native_dllmain_reason 10004008     MSVCRT:utility.obj
 0003:00000010       ___isa_enabled             10004010     MSVCRT:cpu_disp.obj
 0003:00000014       ___scrt_ucrt_dll_is_in_use 10004014     MSVCRT:ucrt_stubs.obj
 0003:00000340       ?__type_info_root_node@@3U__type_info_node@@A 10004340     MSVCRT:tncleanup.obj
 0003:00000348       ?_OptionsStorage@?1??__local_stdio_scanf_options@@9@4_KA 10004348     MSVCRT:default_local_stdio_options.obj
 0003:00000350       ___scrt_current_native_startup_state 10004350     MSVCRT:utility.obj
 0003:00000354       ___scrt_native_startup_lock 10004354     MSVCRT:utility.obj
 0003:00000374       ___scrt_debugger_hook_flag 10004374     MSVCRT:utility_desktop.obj
 0003:00000378       ___castguard_check_failure_os_handled_fptr 10004378     MSVCRT:guard_support.obj
 0003:0000037c       ___isa_available           1000437c     MSVCRT:cpu_disp.obj
 0003:00000380       ___favor                   10004380     MSVCRT:cpu_disp.obj
 0003:00000384       _m_hProcHeap               10004384     dllmain.obj
 0003:00000388       _m_hModuleOfThisDLL        10004388     dllmain.obj
 0003:0000038c       ___dyn_tls_init_callback   1000438c     <common>
 0003:00000390       ?_OptionsStorage@?1??__local_stdio_printf_options@@9@9 10004390     <common>

 entry point at        0001:00000963

 Static symbols

 0000:ffff8000       .debug$S                   10000000     NativeConssoleAppAids32.exp
 0000:ffff8000       .debug$S                   10000000     vcruntime:VCRUNTIME140.dll
 0000:ffff8000       .debug$S                   10000000     vcruntime:VCRUNTIME140.dll
 0000:ffff8000       .debug$S                   10000000     vcruntime:VCRUNTIME140.dll
 0000:ffff8000       .debug$S                   10000000     vcruntime:VCRUNTIME140.dll
 0000:ffff8000       .debug$S                   10000000     vcruntime:VCRUNTIME140.dll
 0000:ffff8000       .debug$S                   10000000     ucrt:api-ms-win-crt-runtime-l1-1-0.dll
 0000:ffff8000       .debug$S                   10000000     ucrt:api-ms-win-crt-runtime-l1-1-0.dll
 0000:ffff8000       .debug$S                   10000000     ucrt:api-ms-win-crt-runtime-l1-1-0.dll
 0000:ffff8000       .debug$S                   10000000     ucrt:api-ms-win-crt-runtime-l1-1-0.dll
 0000:ffff8000       .debug$S                   10000000     ucrt:api-ms-win-crt-runtime-l1-1-0.dll
 0000:ffff8000       .debug$S                   10000000     ucrt:api-ms-win-crt-runtime-l1-1-0.dll
 0000:ffff8000       .debug$S                   10000000     ucrt:api-ms-win-crt-runtime-l1-1-0.dll
 0000:ffff8000       .debug$S                   10000000     ucrt:api-ms-win-crt-runtime-l1-1-0.dll
 0000:ffff8000       .debug$S                   10000000     ucrt:api-ms-win-crt-runtime-l1-1-0.dll
 0000:ffff8000       .debug$S                   10000000     ucrt:api-ms-win-crt-runtime-l1-1-0.dll
 0000:ffff8000       .debug$S                   10000000     ucrt:api-ms-win-crt-runtime-l1-1-0.dll
 0000:ffff8000       .debug$S                   10000000     ucrt:api-ms-win-crt-runtime-l1-1-0.dll
 0000:ffff8000       .debug$S                   10000000     ucrt:api-ms-win-crt-stdio-l1-1-0.dll
 0000:ffff8000       .debug$S                   10000000     ucrt:api-ms-win-crt-stdio-l1-1-0.dll
 0000:ffff8000       .debug$S                   10000000     ucrt:api-ms-win-crt-stdio-l1-1-0.dll
 0000:ffff8000       .debug$S                   10000000     ucrt:api-ms-win-crt-stdio-l1-1-0.dll
 0000:ffff8000       .debug$S                   10000000     ucrt:api-ms-win-crt-stdio-l1-1-0.dll
 0000:ffff8000       .debug$S                   10000000     kernel32:KERNEL32.dll
 0000:ffff8000       .debug$S                   10000000     kernel32:KERNEL32.dll
 0000:ffff8000       .debug$S                   10000000     kernel32:KERNEL32.dll
 0000:ffff8000       .debug$S                   10000000     kernel32:KERNEL32.dll
 0000:ffff8000       .debug$S                   10000000     kernel32:KERNEL32.dll
 0000:ffff8000       .debug$S                   10000000     kernel32:KERNEL32.dll
 0000:ffff8000       .debug$S                   10000000     kernel32:KERNEL32.dll
 0000:ffff8000       .debug$S                   10000000     kernel32:KERNEL32.dll
 0000:ffff8000       .debug$S                   10000000     kernel32:KERNEL32.dll
 0000:ffff8000       .debug$S                   10000000     kernel32:KERNEL32.dll
 0000:ffff8000       .debug$S                   10000000     kernel32:KERNEL32.dll
 0000:ffff8000       .debug$S                   10000000     kernel32:KERNEL32.dll
 0000:ffff8000       .debug$S                   10000000     kernel32:KERNEL32.dll
 0000:ffff8000       .debug$S                   10000000     kernel32:KERNEL32.dll
 0000:ffff8000       .debug$S                   10000000     kernel32:KERNEL32.dll
 0000:ffff8000       .debug$S                   10000000     kernel32:KERNEL32.dll
 0000:ffff8000       .debug$S                   10000000     kernel32:KERNEL32.dll
 0000:ffff8000       .debug$S                   10000000     kernel32:KERNEL32.dll
 0000:ffff8000       .debug$S                   10000000     NativeStringAids32:NativeStringAids32.dll
 0000:ffff8000       .debug$S                   10000000     NativeStringAids32:NativeStringAids32.dll
 0000:ffff8000       .debug$S                   10000000     NativeStringAids32:NativeStringAids32.dll
 0000:ffff8000       .debug$S                   10000000     NativeStringAids32:NativeStringAids32.dll
 0000:ffff8000       .debug$S                   10000000     NativeStringAids32:NativeStringAids32.dll
 0000:ffff8000       .debug$S                   10000000     NativeStringAids32:NativeStringAids32.dll
 0000:ffff8000       .debug$S                   10000000     NativeStringAids32:NativeStringAids32.dll
 0000:ffff8000       .debug$S                   10000000     NativeStringAids32:NativeStringAids32.dll
 0000:ffff8000       .debug$S                   10000000     NativeStringAids32:NativeStringAids32.dll
 0000:ffff8000       .debug$S                   10000000     NativeStringAids32:NativeStringAids32.dll
 0000:ffff8000       .debug$S                   10000000     NativeStringAids32:NativeStringAids32.dll
 0001:00000623       ?dllmain_crt_dispatch@@YGHQAUHINSTANCE__@@KQAX@Z 10001623 f   MSVCRT:dll_dllmain.obj
 0001:00000676       ?dllmain_crt_process_attach@@YAHQAUHINSTANCE__@@QAX@Z 10001676 f   MSVCRT:dll_dllmain.obj
 0001:0000077d       ?dllmain_crt_process_detach@@YAH_N@Z 1000177d f   MSVCRT:dll_dllmain.obj
 0001:0000082d       ?dllmain_dispatch@@YAHQAUHINSTANCE__@@KQAX@Z 1000182d f   MSVCRT:dll_dllmain.obj
 0001:00000938       ?dllmain_raw@@YGHQAUHINSTANCE__@@KQAX@Z 10001938 f   MSVCRT:dll_dllmain.obj
 0001:00000aa8       ___get_entropy             10001aa8 f   MSVCRT:gs_support.obj
 0001:00000b7b       ?find_pe_section@@YAPAU_IMAGE_SECTION_HEADER@@QAEI@Z 10001b7b f   MSVCRT:utility.obj
 0001:00000ff0       $$000000                   10001ff0     MSVCRT:sehprolg4.obj
 0002:000000ec       _GS_ExceptionPointers      100030ec     MSVCRT:gs_report.obj
 0002:00000678       __sehtable$_ShowPlatformA@8 10003678     ShowPlatformA.obj
 0002:000006a0       __sehtable$_ShowPlatformW@8 100036a0     ShowPlatformW.obj
 0002:000006c8       __sehtable$?dllmain_crt_process_attach@@YAHQAUHINSTANCE__@@QAX@Z 100036c8     MSVCRT:dll_dllmain.obj
 0002:000006e8       __sehtable$?dllmain_crt_process_detach@@YAH_N@Z 100036e8     MSVCRT:dll_dllmain.obj
 0002:00000710       __sehtable$?dllmain_dispatch@@YAHQAUHINSTANCE__@@KQAX@Z 10003710     MSVCRT:dll_dllmain.obj
 0002:00000730       __sehtable$___scrt_is_nonwritable_in_current_image 10003730     MSVCRT:utility.obj
 0002:00000750       .edata                     10003750     NativeConssoleAppAids32.exp
 0002:00000778       rgpv                       10003778     NativeConssoleAppAids32.exp
 0002:00000790       rgszName                   10003790     NativeConssoleAppAids32.exp
 0002:000007a8       rgwOrd                     100037a8     NativeConssoleAppAids32.exp
 0002:000007b4       szName                     100037b4     NativeConssoleAppAids32.exp
 0002:000007d0       $N00001                    100037d0     NativeConssoleAppAids32.exp
 0002:000007e1       $N00002                    100037e1     NativeConssoleAppAids32.exp
 0002:000007f2       $N00003                    100037f2     NativeConssoleAppAids32.exp
 0002:00000806       $N00004                    10003806     NativeConssoleAppAids32.exp
 0002:0000081a       $N00005                    1000381a     NativeConssoleAppAids32.exp
 0002:00000830       $N00006                    10003830     NativeConssoleAppAids32.exp
 0002:00000a98       .idata$6                   10003a98     NativeStringAids32:NativeStringAids32.dll
 0002:00000af2       .idata$6                   10003af2     kernel32:KERNEL32.dll
 0002:00000b44       .idata$6                   10003b44     vcruntime:VCRUNTIME140.dll
 0002:00000c5e       .idata$6                   10003c5e     ucrt:api-ms-win-crt-stdio-l1-1-0.dll
 0002:00000c7e       .idata$6                   10003c7e     ucrt:api-ms-win-crt-runtime-l1-1-0.dll
 0003:00000018       ?__proc_attached@@3HA      10004018     MSVCRT:dll_dllmain.obj
 0003:00000020       _GS_ExceptionRecord        10004020     MSVCRT:gs_report.obj
 0003:00000070       _GS_ContextRecord          10004070     MSVCRT:gs_report.obj
 0003:00000358       ?is_initialized_as_dll@@3_NA 10004358     MSVCRT:utility.obj
 0003:00000359       ?module_local_atexit_table_initialized@@3_NA 10004359     MSVCRT:utility.obj
 0003:0000035c       ?module_local_atexit_table@@3U_onexit_table_t@@A 1000435c     MSVCRT:utility.obj
 0003:00000368       ?module_local_at_quick_exit_table@@3U_onexit_table_t@@A 10004368     MSVCRT:utility.obj
 0004:00000120       $R000000                   10005120     NativeConssoleAppAids.res
 0004:00000598       $R000478                   10005598     NativeConssoleAppAids.res
 0004:00000af8       $R0009D8                   10005af8     NativeConssoleAppAids.res
 0004:00001068       $R000F48                   10006068     NativeConssoleAppAids.res
