 NativeConssoleAppAids32

 Timestamp is 5d3b6137 (Fri Jul 26 15:23:19 2019)

 Preferred load address is 10000000

 Start         Length     Name                   Class
 0001:00000000 000010b8H .text$mn                CODE
 0002:00000000 000000b4H .idata$5                DATA
 0002:000000b4 00000004H .00cfg                  DATA
 0002:000000b8 00000004H .CRT$XCA                DATA
 0002:000000bc 00000004H .CRT$XCZ                DATA
 0002:000000c0 00000004H .CRT$XIA                DATA
 0002:000000c4 00000004H .CRT$XIZ                DATA
 0002:000000c8 00000004H .CRT$XPA                DATA
 0002:000000cc 00000004H .CRT$XPZ                DATA
 0002:000000d0 00000004H .CRT$XTA                DATA
 0002:000000d4 0000000cH .CRT$XTZ                DATA
 0002:000000d8 00000000H .gfids$y                DATA
 0002:000000e0 00000230H .rdata                  DATA
 0002:00000310 00000004H .rdata$sxdata           DATA
 0002:00000314 000002ccH .rdata$zzzdbg           DATA
 0002:000005e0 00000004H .rtc$IAA                DATA
 0002:000005e4 00000004H .rtc$IZZ                DATA
 0002:000005e8 00000004H .rtc$TAA                DATA
 0002:000005ec 00000004H .rtc$TZZ                DATA
 0002:000005f0 00000080H .xdata$x                DATA
 0002:00000670 000000f8H .edata                  DATA
 0002:00000768 00000064H .idata$2                DATA
 0002:000007cc 00000014H .idata$3                DATA
 0002:000007e0 000000b4H .idata$4                DATA
 0002:00000894 000003e4H .idata$6                DATA
 0003:00000000 00000018H .data                   DATA
 0003:00000018 00000380H .bss                    DATA
 0004:00000000 00000120H .rsrc$01                DATA
 0004:00000120 00001038H .rsrc$02                DATA

  Address         Publics by Value              Rva+Base       Lib:Object

 0000:00000000       ___guard_longjmp_count     00000000     <absolute>
 0000:00000000       ___hybrid_code_map         00000000     <absolute>
 0000:00000000       ___hybrid_auxiliary_iat    00000000     <absolute>
 0000:00000000       ___dynamic_value_reloc_table 00000000     <absolute>
 0000:00000000       ___guard_iat_table         00000000     <absolute>
 0000:00000000       ___volatile_metadata       00000000     <absolute>
 0000:00000000       ___hybrid_code_map_count   00000000     <absolute>
 0000:00000000       ___guard_longjmp_table     00000000     <absolute>
 0000:00000000       ___guard_fids_count        00000000     <absolute>
 0000:00000000       ___guard_fids_table        00000000     <absolute>
 0000:00000000       ___AbsoluteZero            00000000     <absolute>
 0000:00000000       ___guard_iat_count         00000000     <absolute>
 0000:00000000       ___enclave_config          00000000     <absolute>
 0000:00000001       ___safe_se_handler_count   00000001     <absolute>
 0000:00000100       ___guard_flags             00000100     <absolute>
 0000:00000000       ___ImageBase               10000000     <linker-defined>
 0001:00000000       _DllMain@12                10001000 f   dllmain.obj
 0001:00000030       ___local_stdio_printf_options 10001030 f i ShowPlatformA.obj
 0001:00000040       _fprintf                   10001040 f i ShowPlatformA.obj
 0001:00000070       _ShowPlatformA@8           10001070 f   ShowPlatformA.obj
 0001:000000e0       _fwprintf                  100010e0 f i ShowPlatformW.obj
 0001:00000110       _ShowPlatformW@8           10001110 f   ShowPlatformW.obj
 0001:00000180       _ShowProgramInfoA@4        10001180 f   ShowProgramInfoA.obj
 0001:00000240       _ShowProgramInfoW@4        10001240 f   ShowProgramInfoW.obj
 0001:00000300       _WaitForCarbonUnitA@4      10001300 f   CRTWaitForCarbonUnitA.obj
 0001:00000390       _WaitForCarbonUnitW@4      10001390 f   CRTWaitForCarbonUnitW.obj
 0001:00000416       @__security_check_cookie@4 10001416 f   MSVCRT:secchk.obj
 0001:00000742       __DllMainCRTStartup@12     10001742 f   MSVCRT:dll_dllmain.obj
 0001:00000765       ___raise_securityfailure   10001765 f   MSVCRT:gs_report.obj
 0001:0000078d       ___report_gsfailure        1000178d f   MSVCRT:gs_report.obj
 0001:000008d3       ___security_init_cookie    100018d3 f   MSVCRT:gs_support.obj
 0001:0000091e       ?__scrt_initialize_type_info@@YAXXZ 1000191e f   MSVCRT:tncleanup.obj
 0001:0000092a       ?__scrt_uninitialize_type_info@@YAXXZ 1000192a f   MSVCRT:tncleanup.obj
 0001:00000936       ___local_stdio_scanf_options 10001936 f i MSVCRT:default_local_stdio_options.obj
 0001:0000093c       ___scrt_initialize_default_local_stdio_options 1000193c f   MSVCRT:default_local_stdio_options.obj
 0001:0000099d       ___scrt_acquire_startup_lock 1000199d f   MSVCRT:utility.obj
 0001:000009cf       ___scrt_dllmain_after_initialize_c 100019cf f   MSVCRT:utility.obj
 0001:000009fa       ___scrt_dllmain_before_initialize_c 100019fa f   MSVCRT:utility.obj
 0001:00000a08       ___scrt_dllmain_crt_thread_attach 10001a08 f   MSVCRT:utility.obj
 0001:00000a27       ___scrt_dllmain_crt_thread_detach 10001a27 f   MSVCRT:utility.obj
 0001:00000a34       ___scrt_dllmain_exception_filter 10001a34 f   MSVCRT:utility.obj
 0001:00000a68       ___scrt_dllmain_uninitialize_c 10001a68 f   MSVCRT:utility.obj
 0001:00000a8b       ___scrt_dllmain_uninitialize_critical 10001a8b f   MSVCRT:utility.obj
 0001:00000a98       ___scrt_initialize_crt     10001a98 f   MSVCRT:utility.obj
 0001:00000ad1       ___scrt_initialize_onexit_tables 10001ad1 f   MSVCRT:utility.obj
 0001:00000b58       ___scrt_is_nonwritable_in_current_image 10001b58 f   MSVCRT:utility.obj
 0001:00000bec       ___scrt_release_startup_lock 10001bec f   MSVCRT:utility.obj
 0001:00000c09       ___scrt_uninitialize_crt   10001c09 f   MSVCRT:utility.obj
 0001:00000c31       ___scrt_get_dyn_tls_init_callback 10001c31 f   MSVCRT:dyn_tls_init.obj
 0001:00000c37       ___scrt_fastfail           10001c37 f   MSVCRT:utility_desktop.obj
 0001:00000d51       __crt_debugger_hook        10001d51 f   MSVCRT:utility_desktop.obj
 0001:00000d59       __RTC_Initialize           10001d59 f   MSVCRT:initsect.obj
 0001:00000d85       __RTC_Terminate            10001d85 f   MSVCRT:initsect.obj
 0001:00000dc0       __SEH_prolog4              10001dc0 f   MSVCRT:sehprolg4.obj
 0001:00000e06       __SEH_epilog4              10001e06 f   MSVCRT:sehprolg4.obj
 0001:00000e1b       __except_handler4          10001e1b f   MSVCRT:chandler4gs.obj
 0001:00000e4a       @_guard_check_icall_nop@4  10001e4a f i MSVCRT:guard_support.obj
 0001:00000e4b       ___isa_available_init      10001e4b f   MSVCRT:cpu_disp.obj
 0001:00000fe2       __get_startup_argv_mode    10001fe2 f   MSVCRT:argv_mode.obj
 0001:00000fe6       ___scrt_is_ucrt_dll_in_use 10001fe6 f   MSVCRT:ucrt_detection.obj
 0001:00000ff2       ___std_type_info_destroy_list 10001ff2 f   vcruntime:VCRUNTIME140.dll
 0001:00000ff8       _memset                    10001ff8 f   vcruntime:VCRUNTIME140.dll
 0001:00000ffe       __except_handler4_common   10001ffe f   vcruntime:VCRUNTIME140.dll
 0001:00001004       __initterm                 10002004 f   ucrt:api-ms-win-crt-runtime-l1-1-0.dll
 0001:0000100a       __initterm_e               1000200a f   ucrt:api-ms-win-crt-runtime-l1-1-0.dll
 0001:00001010       __seh_filter_dll           10002010 f   ucrt:api-ms-win-crt-runtime-l1-1-0.dll
 0001:00001016       __configure_narrow_argv    10002016 f   ucrt:api-ms-win-crt-runtime-l1-1-0.dll
 0001:0000101c       __initialize_narrow_environment 1000201c f   ucrt:api-ms-win-crt-runtime-l1-1-0.dll
 0001:00001022       __initialize_onexit_table  10002022 f   ucrt:api-ms-win-crt-runtime-l1-1-0.dll
 0001:00001028       __execute_onexit_table     10002028 f   ucrt:api-ms-win-crt-runtime-l1-1-0.dll
 0001:0000102e       __cexit                    1000202e f   ucrt:api-ms-win-crt-runtime-l1-1-0.dll
 0001:00001034       _IsProcessorFeaturePresent@4 10002034 f   kernel32:KERNEL32.dll
 0001:0000103a       ___scrt_stub_for_acrt_thread_attach 1000203a f   MSVCRT:ucrt_stubs.obj
 0001:0000103a       ___scrt_stub_for_acrt_initialize 1000203a f   MSVCRT:ucrt_stubs.obj
 0001:0000103a       ___vcrt_uninitialize_critical 1000203a f   MSVCRT:ucrt_stubs.obj
 0001:0000103a       ___vcrt_thread_detach      1000203a f   MSVCRT:ucrt_stubs.obj
 0001:0000103a       ___acrt_uninitialize_critical 1000203a f   MSVCRT:ucrt_stubs.obj
 0001:0000103a       ___acrt_uninitialize       1000203a f   MSVCRT:ucrt_stubs.obj
 0001:0000103a       ___scrt_stub_for_acrt_thread_detach 1000203a f   MSVCRT:ucrt_stubs.obj
 0001:0000103a       ___scrt_stub_for_acrt_uninitialize 1000203a f   MSVCRT:ucrt_stubs.obj
 0001:0000103a       ___scrt_stub_for_acrt_uninitialize_critical 1000203a f   MSVCRT:ucrt_stubs.obj
 0001:0000103a       ___acrt_thread_attach      1000203a f   MSVCRT:ucrt_stubs.obj
 0001:0000103a       ___acrt_thread_detach      1000203a f   MSVCRT:ucrt_stubs.obj
 0001:0000103a       ___acrt_initialize         1000203a f   MSVCRT:ucrt_stubs.obj
 0001:0000103a       ___vcrt_thread_attach      1000203a f   MSVCRT:ucrt_stubs.obj
 0001:0000103a       ___vcrt_uninitialize       1000203a f   MSVCRT:ucrt_stubs.obj
 0001:0000103a       ___vcrt_initialize         1000203a f   MSVCRT:ucrt_stubs.obj
 0001:0000103d       ___scrt_stub_for_is_c_termination_complete 1000203d f   MSVCRT:ucrt_stubs.obj
 0001:0000103d       __is_c_termination_complete 1000203d f   MSVCRT:ucrt_stubs.obj
 0001:00001040       __filter_x86_sse2_floating_point_exception_default 10002040 f   MSVCRT:x86_exception_filter.obj
 0001:00001040       __filter_x86_sse2_floating_point_exception 10002040 f   MSVCRT:x86_exception_filter.obj
 0002:00000000       __imp__SetUnhandledExceptionFilter@4 10003000     kernel32:KERNEL32.dll
 0002:00000004       __imp__GetCurrentProcess@0 10003004     kernel32:KERNEL32.dll
 0002:00000008       __imp__TerminateProcess@8  10003008     kernel32:KERNEL32.dll
 0002:0000000c       __imp__IsProcessorFeaturePresent@4 1000300c     kernel32:KERNEL32.dll
 0002:00000010       __imp__QueryPerformanceCounter@4 10003010     kernel32:KERNEL32.dll
 0002:00000014       __imp__GetCurrentProcessId@0 10003014     kernel32:KERNEL32.dll
 0002:00000018       __imp__GetCurrentThreadId@0 10003018     kernel32:KERNEL32.dll
 0002:0000001c       __imp__GetSystemTimeAsFileTime@4 1000301c     kernel32:KERNEL32.dll
 0002:00000020       __imp__GetProcessHeap@0    10003020     kernel32:KERNEL32.dll
 0002:00000024       __imp__HeapFree@12         10003024     kernel32:KERNEL32.dll
 0002:00000028       __imp__HeapAlloc@12        10003028     kernel32:KERNEL32.dll
 0002:0000002c       __imp__Beep@8              1000302c     kernel32:KERNEL32.dll
 0002:00000030       __imp__InitializeSListHead@4 10003030     kernel32:KERNEL32.dll
 0002:00000034       __imp__IsDebuggerPresent@0 10003034     kernel32:KERNEL32.dll
 0002:00000038       __imp__UnhandledExceptionFilter@4 10003038     kernel32:KERNEL32.dll
 0002:0000003c       \177KERNEL32_NULL_THUNK_DATA 1000303c     kernel32:KERNEL32.dll
 0002:00000040       __imp__ProgramIDFromArgVW@4 10003040     NativeStringAids32:NativeStringAids32.dll
 0002:00000044       __imp__GetFileVersionW@12  10003044     NativeStringAids32:NativeStringAids32.dll
 0002:00000048       __imp__ProgramIDFromArgVA@4 10003048     NativeStringAids32:NativeStringAids32.dll
 0002:0000004c       __imp__GetExeHameFromWindowsW@0 1000304c     NativeStringAids32:NativeStringAids32.dll
 0002:00000050       __imp__GetExeHameFromWindowsA@0 10003050     NativeStringAids32:NativeStringAids32.dll
 0002:00000054       __imp__GetUnicodeStringPointer@12 10003054     NativeStringAids32:NativeStringAids32.dll
 0002:00000058       __imp__IsBufFerFromHeap@8  10003058     NativeStringAids32:NativeStringAids32.dll
 0002:0000005c       __imp__GetANSIStringPointer@12 1000305c     NativeStringAids32:NativeStringAids32.dll
 0002:00000060       __imp__GetFileVersionA@12  10003060     NativeStringAids32:NativeStringAids32.dll
 0002:00000064       \177NativeStringAids32_NULL_THUNK_DATA 10003064     NativeStringAids32:NativeStringAids32.dll
 0002:00000068       __imp____std_type_info_destroy_list 10003068     vcruntime:VCRUNTIME140.dll
 0002:0000006c       __imp__memset              1000306c     vcruntime:VCRUNTIME140.dll
 0002:00000070       __imp___except_handler4_common 10003070     vcruntime:VCRUNTIME140.dll
 0002:00000074       \177VCRUNTIME140_NULL_THUNK_DATA 10003074     vcruntime:VCRUNTIME140.dll
 0002:00000078       __imp___execute_onexit_table 10003078     ucrt:api-ms-win-crt-runtime-l1-1-0.dll
 0002:0000007c       __imp___initialize_onexit_table 1000307c     ucrt:api-ms-win-crt-runtime-l1-1-0.dll
 0002:00000080       __imp___seh_filter_dll     10003080     ucrt:api-ms-win-crt-runtime-l1-1-0.dll
 0002:00000084       __imp___initterm           10003084     ucrt:api-ms-win-crt-runtime-l1-1-0.dll
 0002:00000088       __imp___initialize_narrow_environment 10003088     ucrt:api-ms-win-crt-runtime-l1-1-0.dll
 0002:0000008c       __imp___cexit              1000308c     ucrt:api-ms-win-crt-runtime-l1-1-0.dll
 0002:00000090       __imp___configure_narrow_argv 10003090     ucrt:api-ms-win-crt-runtime-l1-1-0.dll
 0002:00000094       __imp___initterm_e         10003094     ucrt:api-ms-win-crt-runtime-l1-1-0.dll
 0002:00000098       \177api-ms-win-crt-runtime-l1-1-0_NULL_THUNK_DATA 10003098     ucrt:api-ms-win-crt-runtime-l1-1-0.dll
 0002:0000009c       __imp___fgetchar           1000309c     ucrt:api-ms-win-crt-stdio-l1-1-0.dll
 0002:000000a0       __imp___fgetwchar          100030a0     ucrt:api-ms-win-crt-stdio-l1-1-0.dll
 0002:000000a4       __imp____stdio_common_vfwprintf 100030a4     ucrt:api-ms-win-crt-stdio-l1-1-0.dll
 0002:000000a8       __imp____acrt_iob_func     100030a8     ucrt:api-ms-win-crt-stdio-l1-1-0.dll
 0002:000000ac       __imp____stdio_common_vfprintf 100030ac     ucrt:api-ms-win-crt-stdio-l1-1-0.dll
 0002:000000b0       \177api-ms-win-crt-stdio-l1-1-0_NULL_THUNK_DATA 100030b0     ucrt:api-ms-win-crt-stdio-l1-1-0.dll
 0002:000000b4       ___guard_check_icall_fptr  100030b4     MSVCRT:guard_support.obj
 0002:000000b8       ___xc_a                    100030b8     MSVCRT:initializers.obj
 0002:000000bc       ___xc_z                    100030bc     MSVCRT:initializers.obj
 0002:000000c0       ___xi_a                    100030c0     MSVCRT:initializers.obj
 0002:000000c4       ___xi_z                    100030c4     MSVCRT:initializers.obj
 0002:000000c8       ___xp_a                    100030c8     MSVCRT:initializers.obj
 0002:000000cc       ___xp_z                    100030cc     MSVCRT:initializers.obj
 0002:000000d0       ___xt_a                    100030d0     MSVCRT:initializers.obj
 0002:000000d4       ___xt_z                    100030d4     MSVCRT:initializers.obj
 0002:000000e0       __pDefaultRawDllMain       100030e0     MSVCRT:dll_dllmain.obj
 0002:000000e0       __pRawDllMain              100030e0     MSVCRT:dll_dllmain.obj
 0002:000000ec       ??_C@_0CE@GKHGKGDN@?6Status?5code?5?$DN?50x?$CF04X?5?$CI?$CFi?5decim@ 100030ec     CRTWaitForCarbonUnitA.obj
 0002:00000110       ??_C@_0DK@FEFEPIHP@Please?5press?5the?5Return?5?$CIENTER?$CJ@ 10003110     CRTWaitForCarbonUnitA.obj
 0002:00000150       ??_C@_1EI@NEHDNBKB@?$AA?6?$AAS?$AAt?$AAa?$AAt?$AAu?$AAs?$AA?5?$AAc?$AAo?$AAd?$AAe?$AA?5?$AA?$DN?$AA?5@ 10003150     CRTWaitForCarbonUnitW.obj
 0002:00000198       ??_C@_1HE@CDOPALOC@?$AAP?$AAl?$AAe?$AAa?$AAs?$AAe?$AA?5?$AAp?$AAr?$AAe?$AAs?$AAs?$AA?5?$AAt?$AAh@ 10003198     CRTWaitForCarbonUnitW.obj
 0002:00000268       __load_config_used         10003268     MSVCRT:loadcfg.obj
 0002:00000310       ___safe_se_handler_table   10003310     <linker-defined>
 0002:000005e0       ___rtc_iaa                 100035e0     MSVCRT:initsect.obj
 0002:000005e4       ___rtc_izz                 100035e4     MSVCRT:initsect.obj
 0002:000005e8       ___rtc_taa                 100035e8     MSVCRT:initsect.obj
 0002:000005ec       ___rtc_tzz                 100035ec     MSVCRT:initsect.obj
 0002:00000768       __IMPORT_DESCRIPTOR_NativeStringAids32 10003768     NativeStringAids32:NativeStringAids32.dll
 0002:0000077c       __IMPORT_DESCRIPTOR_KERNEL32 1000377c     kernel32:KERNEL32.dll
 0002:00000790       __IMPORT_DESCRIPTOR_VCRUNTIME140 10003790     vcruntime:VCRUNTIME140.dll
 0002:000007a4       __IMPORT_DESCRIPTOR_api-ms-win-crt-stdio-l1-1-0 100037a4     ucrt:api-ms-win-crt-stdio-l1-1-0.dll
 0002:000007b8       __IMPORT_DESCRIPTOR_api-ms-win-crt-runtime-l1-1-0 100037b8     ucrt:api-ms-win-crt-runtime-l1-1-0.dll
 0002:000007cc       __NULL_IMPORT_DESCRIPTOR   100037cc     NativeStringAids32:NativeStringAids32.dll
 0003:00000000       ___security_cookie_complement 10004000     MSVCRT:gs_cookie.obj
 0003:00000004       ___security_cookie         10004004     MSVCRT:gs_cookie.obj
 0003:00000008       ___scrt_native_dllmain_reason 10004008     MSVCRT:utility.obj
 0003:00000010       ___isa_enabled             10004010     MSVCRT:cpu_disp.obj
 0003:00000014       ___scrt_ucrt_dll_is_in_use 10004014     MSVCRT:ucrt_stubs.obj
 0003:00000340       ?__type_info_root_node@@3U__type_info_node@@A 10004340     MSVCRT:tncleanup.obj
 0003:00000348       ?_OptionsStorage@?1??__local_stdio_scanf_options@@9@4_KA 10004348     MSVCRT:default_local_stdio_options.obj
 0003:00000350       ___scrt_current_native_startup_state 10004350     MSVCRT:utility.obj
 0003:00000354       ___scrt_native_startup_lock 10004354     MSVCRT:utility.obj
 0003:00000374       ___scrt_debugger_hook_flag 10004374     MSVCRT:utility_desktop.obj
 0003:00000378       ___isa_available           10004378     MSVCRT:cpu_disp.obj
 0003:0000037c       ___favor                   1000437c     MSVCRT:cpu_disp.obj
 0003:00000380       _m_hProcHeap               10004380     dllmain.obj
 0003:00000384       _m_hModuleOfThisDLL        10004384     dllmain.obj
 0003:00000388       ___dyn_tls_init_callback   10004388     <common>
 0003:00000390       ?_OptionsStorage@?1??__local_stdio_printf_options@@9@9 10004390     <common>

 entry point at        0001:00000742

 Static symbols

 0000:ffff8000       .debug$S                   10000000     kernel32:KERNEL32.dll
 0000:ffff8000       .debug$S                   10000000     ucrt:api-ms-win-crt-stdio-l1-1-0.dll
 0000:ffff8000       .debug$S                   10000000     vcruntime:VCRUNTIME140.dll
 0000:ffff8000       .debug$S                   10000000     vcruntime:VCRUNTIME140.dll
 0000:ffff8000       .debug$S                   10000000     vcruntime:VCRUNTIME140.dll
 0000:ffff8000       .debug$S                   10000000     kernel32:KERNEL32.dll
 0000:ffff8000       .debug$S                   10000000     kernel32:KERNEL32.dll
 0000:ffff8000       .debug$S                   10000000     kernel32:KERNEL32.dll
 0000:ffff8000       .debug$S                   10000000     kernel32:KERNEL32.dll
 0000:ffff8000       .debug$S                   10000000     NativeStringAids32:NativeStringAids32.dll
 0000:ffff8000       .debug$S                   10000000     ucrt:api-ms-win-crt-stdio-l1-1-0.dll
 0000:ffff8000       .debug$S                   10000000     NativeStringAids32:NativeStringAids32.dll
 0000:ffff8000       .debug$S                   10000000     NativeStringAids32:NativeStringAids32.dll
 0000:ffff8000       .debug$S                   10000000     NativeStringAids32:NativeStringAids32.dll
 0000:ffff8000       .debug$S                   10000000     NativeConssoleAppAids32.exp
 0000:ffff8000       .debug$S                   10000000     NativeStringAids32:NativeStringAids32.dll
 0000:ffff8000       .debug$S                   10000000     kernel32:KERNEL32.dll
 0000:ffff8000       .debug$S                   10000000     kernel32:KERNEL32.dll
 0000:ffff8000       .debug$S                   10000000     kernel32:KERNEL32.dll
 0000:ffff8000       .debug$S                   10000000     kernel32:KERNEL32.dll
 0000:ffff8000       .debug$S                   10000000     NativeStringAids32:NativeStringAids32.dll
 0000:ffff8000       .debug$S                   10000000     kernel32:KERNEL32.dll
 0000:ffff8000       .debug$S                   10000000     kernel32:KERNEL32.dll
 0000:ffff8000       .debug$S                   10000000     kernel32:KERNEL32.dll
 0000:ffff8000       .debug$S                   10000000     kernel32:KERNEL32.dll
 0000:ffff8000       .debug$S                   10000000     kernel32:KERNEL32.dll
 0000:ffff8000       .debug$S                   10000000     kernel32:KERNEL32.dll
 0000:ffff8000       .debug$S                   10000000     kernel32:KERNEL32.dll
 0000:ffff8000       .debug$S                   10000000     kernel32:KERNEL32.dll
 0000:ffff8000       .debug$S                   10000000     NativeStringAids32:NativeStringAids32.dll
 0000:ffff8000       .debug$S                   10000000     NativeStringAids32:NativeStringAids32.dll
 0000:ffff8000       .debug$S                   10000000     ucrt:api-ms-win-crt-runtime-l1-1-0.dll
 0000:ffff8000       .debug$S                   10000000     ucrt:api-ms-win-crt-runtime-l1-1-0.dll
 0000:ffff8000       .debug$S                   10000000     ucrt:api-ms-win-crt-runtime-l1-1-0.dll
 0000:ffff8000       .debug$S                   10000000     ucrt:api-ms-win-crt-runtime-l1-1-0.dll
 0000:ffff8000       .debug$S                   10000000     ucrt:api-ms-win-crt-runtime-l1-1-0.dll
 0000:ffff8000       .debug$S                   10000000     ucrt:api-ms-win-crt-runtime-l1-1-0.dll
 0000:ffff8000       .debug$S                   10000000     ucrt:api-ms-win-crt-runtime-l1-1-0.dll
 0000:ffff8000       .debug$S                   10000000     ucrt:api-ms-win-crt-runtime-l1-1-0.dll
 0000:ffff8000       .debug$S                   10000000     ucrt:api-ms-win-crt-runtime-l1-1-0.dll
 0000:ffff8000       .debug$S                   10000000     ucrt:api-ms-win-crt-runtime-l1-1-0.dll
 0000:ffff8000       .debug$S                   10000000     ucrt:api-ms-win-crt-runtime-l1-1-0.dll
 0000:ffff8000       .debug$S                   10000000     ucrt:api-ms-win-crt-runtime-l1-1-0.dll
 0000:ffff8000       .debug$S                   10000000     NativeStringAids32:NativeStringAids32.dll
 0000:ffff8000       .debug$S                   10000000     ucrt:api-ms-win-crt-stdio-l1-1-0.dll
 0000:ffff8000       .debug$S                   10000000     ucrt:api-ms-win-crt-stdio-l1-1-0.dll
 0000:ffff8000       .debug$S                   10000000     ucrt:api-ms-win-crt-stdio-l1-1-0.dll
 0001:00000427       ?dllmain_crt_dispatch@@YGHQAUHINSTANCE__@@KQAX@Z 10001427 f   MSVCRT:dll_dllmain.obj
 0001:0000047a       ?dllmain_crt_process_attach@@YAHQAUHINSTANCE__@@QAX@Z 1000147a f   MSVCRT:dll_dllmain.obj
 0001:00000581       ?dllmain_crt_process_detach@@YAH_N@Z 10001581 f   MSVCRT:dll_dllmain.obj
 0001:00000611       ?dllmain_dispatch@@YAHQAUHINSTANCE__@@KQAX@Z 10001611 f   MSVCRT:dll_dllmain.obj
 0001:00000717       ?dllmain_raw@@YGHQAUHINSTANCE__@@KQAX@Z 10001717 f   MSVCRT:dll_dllmain.obj
 0001:00000886       ___get_entropy             10001886 f   MSVCRT:gs_support.obj
 0001:00000959       ?find_pe_section@@YAPAU_IMAGE_SECTION_HEADER@@QAEI@Z 10001959 f   MSVCRT:utility.obj
 0001:00000dc0       $$000000                   10001dc0     MSVCRT:sehprolg4.obj
 0002:000000e4       _GS_ExceptionPointers      100030e4     MSVCRT:gs_report.obj
 0002:000005f0       __sehtable$?dllmain_crt_process_attach@@YAHQAUHINSTANCE__@@QAX@Z 100035f0     MSVCRT:dll_dllmain.obj
 0002:00000610       __sehtable$?dllmain_crt_process_detach@@YAH_N@Z 10003610     MSVCRT:dll_dllmain.obj
 0002:00000630       __sehtable$?dllmain_dispatch@@YAHQAUHINSTANCE__@@KQAX@Z 10003630     MSVCRT:dll_dllmain.obj
 0002:00000650       __sehtable$___scrt_is_nonwritable_in_current_image 10003650     MSVCRT:utility.obj
 0002:00000670       .edata                     10003670     NativeConssoleAppAids32.exp
 0002:00000698       rgpv                       10003698     NativeConssoleAppAids32.exp
 0002:000006b0       rgszName                   100036b0     NativeConssoleAppAids32.exp
 0002:000006c8       rgwOrd                     100036c8     NativeConssoleAppAids32.exp
 0002:000006d4       szName                     100036d4     NativeConssoleAppAids32.exp
 0002:000006f0       $N00001                    100036f0     NativeConssoleAppAids32.exp
 0002:00000701       $N00002                    10003701     NativeConssoleAppAids32.exp
 0002:00000712       $N00003                    10003712     NativeConssoleAppAids32.exp
 0002:00000726       $N00004                    10003726     NativeConssoleAppAids32.exp
 0002:0000073a       $N00005                    1000373a     NativeConssoleAppAids32.exp
 0002:00000750       $N00006                    10003750     NativeConssoleAppAids32.exp
 0002:00000978       .idata$6                   10003978     NativeStringAids32:NativeStringAids32.dll
 0002:000009c2       .idata$6                   100039c2     kernel32:KERNEL32.dll
 0002:00000a14       .idata$6                   10003a14     vcruntime:VCRUNTIME140.dll
 0002:00000b2e       .idata$6                   10003b2e     ucrt:api-ms-win-crt-stdio-l1-1-0.dll
 0002:00000b4e       .idata$6                   10003b4e     ucrt:api-ms-win-crt-runtime-l1-1-0.dll
 0003:00000018       ?__proc_attached@@3HA      10004018     MSVCRT:dll_dllmain.obj
 0003:00000020       _GS_ExceptionRecord        10004020     MSVCRT:gs_report.obj
 0003:00000070       _GS_ContextRecord          10004070     MSVCRT:gs_report.obj
 0003:00000358       ?is_initialized_as_dll@@3_NA 10004358     MSVCRT:utility.obj
 0003:00000359       ?module_local_atexit_table_initialized@@3_NA 10004359     MSVCRT:utility.obj
 0003:0000035c       ?module_local_atexit_table@@3U_onexit_table_t@@A 1000435c     MSVCRT:utility.obj
 0003:00000368       ?module_local_at_quick_exit_table@@3U_onexit_table_t@@A 10004368     MSVCRT:utility.obj
 0004:00000120       $R000000                   10005120     NativeConssoleAppAids.res
 0004:00000588       $R000468                   10005588     NativeConssoleAppAids.res
 0004:00000ae8       $R0009C8                   10005ae8     NativeConssoleAppAids.res
 0004:00000fd8       $R000EB8                   10005fd8     NativeConssoleAppAids.res

 Exports

  ordinal    name

        1    _ShowPlatformA@8
        2    _ShowPlatformW@8
        3    _ShowProgramInfoA@4
        4    _ShowProgramInfoW@4
        5    _WaitForCarbonUnitA@4
        6    _WaitForCarbonUnitW@4
