 UnitTests32

 Timestamp is 5d3acddb (Fri Jul 26 04:54:35 2019)

 Preferred load address is 00400000

 Start         Length     Name                   Class
 0001:00000000 00000cf7H .text$mn                CODE
 0002:00000000 000000ccH .idata$5                DATA
 0002:000000cc 00000004H .00cfg                  DATA
 0002:000000d0 00000004H .CRT$XCA                DATA
 0002:000000d4 00000004H .CRT$XCAA               DATA
 0002:000000d8 00000004H .CRT$XCZ                DATA
 0002:000000dc 00000004H .CRT$XIA                DATA
 0002:000000e0 00000004H .CRT$XIAA               DATA
 0002:000000e4 00000004H .CRT$XIAC               DATA
 0002:000000e8 00000004H .CRT$XIZ                DATA
 0002:000000ec 00000004H .CRT$XPA                DATA
 0002:000000f0 00000004H .CRT$XPZ                DATA
 0002:000000f4 00000004H .CRT$XTA                DATA
 0002:000000f8 00000008H .CRT$XTZ                DATA
 0002:000000fc 00000000H .gfids$y                DATA
 0002:00000100 00000160H .rdata                  DATA
 0002:00000260 00000004H .rdata$sxdata           DATA
 0002:00000264 000002ecH .rdata$zzzdbg           DATA
 0002:00000550 00000004H .rtc$IAA                DATA
 0002:00000554 00000004H .rtc$IZZ                DATA
 0002:00000558 00000004H .rtc$TAA                DATA
 0002:0000055c 00000004H .rtc$TZZ                DATA
 0002:00000560 0000003cH .xdata$x                DATA
 0002:0000059c 00000000H .edata                  DATA
 0002:0000059c 000000a0H .idata$2                DATA
 0002:0000063c 00000014H .idata$3                DATA
 0002:00000650 000000ccH .idata$4                DATA
 0002:0000071c 0000044cH .idata$6                DATA
 0003:00000000 00000020H .data                   DATA
 0003:00000020 00000380H .bss                    DATA
 0004:00000000 00000220H .rsrc$01                DATA
 0004:00000220 00002db8H .rsrc$02                DATA

  Address         Publics by Value              Rva+Base       Lib:Object

 0000:00000000       ___enclave_config          00000000     <absolute>
 0000:00000000       ___hybrid_code_map         00000000     <absolute>
 0000:00000000       ___guard_iat_table         00000000     <absolute>
 0000:00000000       ___guard_longjmp_table     00000000     <absolute>
 0000:00000000       ___hybrid_code_map_count   00000000     <absolute>
 0000:00000000       ___hybrid_auxiliary_iat    00000000     <absolute>
 0000:00000000       ___guard_iat_count         00000000     <absolute>
 0000:00000000       ___volatile_metadata       00000000     <absolute>
 0000:00000000       ___guard_fids_table        00000000     <absolute>
 0000:00000000       ___AbsoluteZero            00000000     <absolute>
 0000:00000000       ___guard_fids_count        00000000     <absolute>
 0000:00000000       ___guard_longjmp_count     00000000     <absolute>
 0000:00000000       ___dynamic_value_reloc_table 00000000     <absolute>
 0000:00000001       ___safe_se_handler_count   00000001     <absolute>
 0000:00000100       ___guard_flags             00000100     <absolute>
 0000:00000000       ___ImageBase               00400000     <linker-defined>
 0001:00000000       ___local_stdio_printf_options 00401000 f i UnitTests.obj
 0001:00000010       _printf                    00401010 f i UnitTests.obj
 0001:00000040       _main                      00401040 f   UnitTests.obj
 0001:000000ae       @__security_check_cookie@4 004010ae f   MSVCRT:secchk.obj
 0001:00000306       _mainCRTStartup            00401306 f   MSVCRT:exe_main.obj
 0001:00000310       ___raise_securityfailure   00401310 f   MSVCRT:gs_report.obj
 0001:00000338       ___report_gsfailure        00401338 f   MSVCRT:gs_report.obj
 0001:00000475       ___scrt_acquire_startup_lock 00401475 f   MSVCRT:utility.obj
 0001:000004a7       ___scrt_initialize_crt     004014a7 f   MSVCRT:utility.obj
 0001:000004e0       ___scrt_initialize_onexit_tables 004014e0 f   MSVCRT:utility.obj
 0001:00000567       ___scrt_is_nonwritable_in_current_image 00401567 f   MSVCRT:utility.obj
 0001:000005fb       ___scrt_release_startup_lock 004015fb f   MSVCRT:utility.obj
 0001:00000618       ___scrt_uninitialize_crt   00401618 f   MSVCRT:utility.obj
 0001:00000640       __onexit                   00401640 f   MSVCRT:utility.obj
 0001:0000066d       _atexit                    0040166d f   MSVCRT:utility.obj
 0001:000006cf       ___security_init_cookie    004016cf f   MSVCRT:gs_support.obj
 0001:0000071a       ___scrt_stub_for_initialize_mta 0040171a f   MSVCRT:utility_desktop.obj
 0001:0000071a       ___scrt_exe_initialize_mta 0040171a f   MSVCRT:utility_desktop.obj
 0001:0000071a       __matherr                  0040171a f   MSVCRT:matherr.obj
 0001:0000071a       ___scrt_initialize_winrt   0040171a f   MSVCRT:utility_desktop.obj
 0001:0000071a       __get_startup_new_mode     0040171a f   MSVCRT:new_mode.obj
 0001:0000071a       __get_startup_commit_mode  0040171a f   MSVCRT:commit_mode.obj
 0001:0000071a       __get_startup_thread_locale_mode 0040171a f   MSVCRT:thread_locale.obj
 0001:0000071d       __get_startup_argv_mode    0040171d f   MSVCRT:argv_mode.obj
 0001:00000721       __get_startup_file_mode    00401721 f   MSVCRT:file_mode.obj
 0001:00000727       ?__scrt_initialize_type_info@@YAXXZ 00401727 f   MSVCRT:tncleanup.obj
 0001:00000733       ___acrt_initialize         00401733 f   MSVCRT:ucrt_stubs.obj
 0001:00000733       ___vcrt_initialize         00401733 f   MSVCRT:ucrt_stubs.obj
 0001:00000733       ___vcrt_uninitialize       00401733 f   MSVCRT:ucrt_stubs.obj
 0001:00000733       ___acrt_uninitialize       00401733 f   MSVCRT:ucrt_stubs.obj
 0001:00000733       ___scrt_stub_for_acrt_uninitialize 00401733 f   MSVCRT:ucrt_stubs.obj
 0001:00000733       __should_initialize_environment 00401733 f   MSVCRT:env_mode.obj
 0001:00000733       ___scrt_stub_for_acrt_initialize 00401733 f   MSVCRT:ucrt_stubs.obj
 0001:00000736       __initialize_default_precision 00401736 f   MSVCRT:default_precision.obj
 0001:00000757       __initialize_invalid_parameter_handler 00401757 f   MSVCRT:invalid_parameter_handler.obj
 0001:00000757       __initialize_denormal_control 00401757 f   MSVCRT:denormal_control.obj
 0001:00000757       @_guard_check_icall_nop@4  00401757 f   MSVCRT:guard_support.obj
 0001:00000758       ___local_stdio_scanf_options 00401758 f i MSVCRT:default_local_stdio_options.obj
 0001:0000075e       ___scrt_initialize_default_local_stdio_options 0040175e f   MSVCRT:default_local_stdio_options.obj
 0001:0000077b       ___scrt_is_user_matherr_present 0040177b f   MSVCRT:matherr_detection.obj
 0001:00000787       ___scrt_get_dyn_tls_init_callback 00401787 f   MSVCRT:dyn_tls_init.obj
 0001:0000078d       ___scrt_get_dyn_tls_dtor_callback 0040178d f   MSVCRT:dyn_tls_dtor.obj
 0001:00000793       ___scrt_fastfail           00401793 f   MSVCRT:utility_desktop.obj
 0001:000008ad       ___scrt_initialize_mta     004018ad f   MSVCRT:utility_desktop.obj
 0001:000008b2       ___scrt_is_managed_app     004018b2 f   MSVCRT:utility_desktop.obj
 0001:000008f5       ___scrt_set_unhandled_exception_filter 004018f5 f   MSVCRT:utility_desktop.obj
 0001:00000901       ___scrt_unhandled_exception_filter@4 00401901 f   MSVCRT:utility_desktop.obj
 0001:00000942       __crt_debugger_hook        00401942 f   MSVCRT:utility_desktop.obj
 0001:0000094a       __RTC_Initialize           0040194a f   MSVCRT:initsect.obj
 0001:00000976       __RTC_Terminate            00401976 f   MSVCRT:initsect.obj
 0001:000009b0       __SEH_prolog4              004019b0 f   MSVCRT:sehprolg4.obj
 0001:000009f6       __SEH_epilog4              004019f6 f   MSVCRT:sehprolg4.obj
 0001:00000a0b       __except_handler4          00401a0b f   MSVCRT:chandler4gs.obj
 0001:00000a3a       ___isa_available_init      00401a3a f   MSVCRT:cpu_disp.obj
 0001:00000bd1       ___scrt_is_ucrt_dll_in_use 00401bd1 f   MSVCRT:ucrt_detection.obj
 0001:00000bdd       _memset                    00401bdd f   vcruntime:VCRUNTIME140.dll
 0001:00000be3       __except_handler4_common   00401be3 f   vcruntime:VCRUNTIME140.dll
 0001:00000be9       __seh_filter_exe           00401be9 f   ucrt:api-ms-win-crt-runtime-l1-1-0.dll
 0001:00000bef       __set_app_type             00401bef f   ucrt:api-ms-win-crt-runtime-l1-1-0.dll
 0001:00000bf5       ___setusermatherr          00401bf5 f   ucrt:api-ms-win-crt-math-l1-1-0.dll
 0001:00000bfb       __configure_narrow_argv    00401bfb f   ucrt:api-ms-win-crt-runtime-l1-1-0.dll
 0001:00000c01       __initialize_narrow_environment 00401c01 f   ucrt:api-ms-win-crt-runtime-l1-1-0.dll
 0001:00000c07       __get_initial_narrow_environment 00401c07 f   ucrt:api-ms-win-crt-runtime-l1-1-0.dll
 0001:00000c0d       __initterm                 00401c0d f   ucrt:api-ms-win-crt-runtime-l1-1-0.dll
 0001:00000c13       __initterm_e               00401c13 f   ucrt:api-ms-win-crt-runtime-l1-1-0.dll
 0001:00000c19       _exit                      00401c19 f   ucrt:api-ms-win-crt-runtime-l1-1-0.dll
 0001:00000c1f       __exit                     00401c1f f   ucrt:api-ms-win-crt-runtime-l1-1-0.dll
 0001:00000c25       __set_fmode                00401c25 f   ucrt:api-ms-win-crt-stdio-l1-1-0.dll
 0001:00000c2b       ___p___argc                00401c2b f   ucrt:api-ms-win-crt-runtime-l1-1-0.dll
 0001:00000c31       ___p___argv                00401c31 f   ucrt:api-ms-win-crt-runtime-l1-1-0.dll
 0001:00000c37       __cexit                    00401c37 f   ucrt:api-ms-win-crt-runtime-l1-1-0.dll
 0001:00000c3d       __c_exit                   00401c3d f   ucrt:api-ms-win-crt-runtime-l1-1-0.dll
 0001:00000c43       __register_thread_local_exe_atexit_callback 00401c43 f   ucrt:api-ms-win-crt-runtime-l1-1-0.dll
 0001:00000c49       __configthreadlocale       00401c49 f   ucrt:api-ms-win-crt-locale-l1-1-0.dll
 0001:00000c4f       __set_new_mode             00401c4f f   ucrt:api-ms-win-crt-heap-l1-1-0.dll
 0001:00000c55       ___p__commode              00401c55 f   ucrt:api-ms-win-crt-stdio-l1-1-0.dll
 0001:00000c5b       __initialize_onexit_table  00401c5b f   ucrt:api-ms-win-crt-runtime-l1-1-0.dll
 0001:00000c61       __register_onexit_function 00401c61 f   ucrt:api-ms-win-crt-runtime-l1-1-0.dll
 0001:00000c67       __crt_atexit               00401c67 f   ucrt:api-ms-win-crt-runtime-l1-1-0.dll
 0001:00000c6d       __controlfp_s              00401c6d f   ucrt:api-ms-win-crt-runtime-l1-1-0.dll
 0001:00000c73       _terminate                 00401c73 f   ucrt:api-ms-win-crt-runtime-l1-1-0.dll
 0001:00000c79       _IsProcessorFeaturePresent@4 00401c79 f   kernel32:KERNEL32.dll
 0001:00000c7f       __filter_x86_sse2_floating_point_exception 00401c7f f   MSVCRT:x86_exception_filter.obj
 0001:00000c7f       __filter_x86_sse2_floating_point_exception_default 00401c7f f   MSVCRT:x86_exception_filter.obj
 0002:00000000       __imp__GetModuleHandleW@4  00402000     kernel32:KERNEL32.dll
 0002:00000004       __imp__SetUnhandledExceptionFilter@4 00402004     kernel32:KERNEL32.dll
 0002:00000008       __imp__GetLastError@0      00402008     kernel32:KERNEL32.dll
 0002:0000000c       __imp__GetCurrentProcess@0 0040200c     kernel32:KERNEL32.dll
 0002:00000010       __imp__IsDebuggerPresent@0 00402010     kernel32:KERNEL32.dll
 0002:00000014       __imp__InitializeSListHead@4 00402014     kernel32:KERNEL32.dll
 0002:00000018       __imp__GetSystemTimeAsFileTime@4 00402018     kernel32:KERNEL32.dll
 0002:0000001c       __imp__GetCurrentThreadId@0 0040201c     kernel32:KERNEL32.dll
 0002:00000020       __imp__GetCurrentProcessId@0 00402020     kernel32:KERNEL32.dll
 0002:00000024       __imp__QueryPerformanceCounter@4 00402024     kernel32:KERNEL32.dll
 0002:00000028       __imp__IsProcessorFeaturePresent@4 00402028     kernel32:KERNEL32.dll
 0002:0000002c       __imp__TerminateProcess@8  0040202c     kernel32:KERNEL32.dll
 0002:00000030       __imp__UnhandledExceptionFilter@4 00402030     kernel32:KERNEL32.dll
 0002:00000034       \177KERNEL32_NULL_THUNK_DATA 00402034     kernel32:KERNEL32.dll
 0002:00000038       __imp__WaitForCarbonUnitA@4 00402038     NativeConssoleAppAids32:NativeConssoleAppAids32.dll
 0002:0000003c       __imp__ShowProgramInfoA@4  0040203c     NativeConssoleAppAids32:NativeConssoleAppAids32.dll
 0002:00000040       \177NativeConssoleAppAids32_NULL_THUNK_DATA 00402040     NativeConssoleAppAids32:NativeConssoleAppAids32.dll
 0002:00000044       __imp__memset              00402044     vcruntime:VCRUNTIME140.dll
 0002:00000048       __imp___except_handler4_common 00402048     vcruntime:VCRUNTIME140.dll
 0002:0000004c       \177VCRUNTIME140_NULL_THUNK_DATA 0040204c     vcruntime:VCRUNTIME140.dll
 0002:00000050       __imp___set_new_mode       00402050     ucrt:api-ms-win-crt-heap-l1-1-0.dll
 0002:00000054       \177api-ms-win-crt-heap-l1-1-0_NULL_THUNK_DATA 00402054     ucrt:api-ms-win-crt-heap-l1-1-0.dll
 0002:00000058       __imp___configthreadlocale 00402058     ucrt:api-ms-win-crt-locale-l1-1-0.dll
 0002:0000005c       \177api-ms-win-crt-locale-l1-1-0_NULL_THUNK_DATA 0040205c     ucrt:api-ms-win-crt-locale-l1-1-0.dll
 0002:00000060       __imp____setusermatherr    00402060     ucrt:api-ms-win-crt-math-l1-1-0.dll
 0002:00000064       \177api-ms-win-crt-math-l1-1-0_NULL_THUNK_DATA 00402064     ucrt:api-ms-win-crt-math-l1-1-0.dll
 0002:00000068       __imp___get_initial_narrow_environment 00402068     ucrt:api-ms-win-crt-runtime-l1-1-0.dll
 0002:0000006c       __imp____p___argc          0040206c     ucrt:api-ms-win-crt-runtime-l1-1-0.dll
 0002:00000070       __imp___initialize_onexit_table 00402070     ucrt:api-ms-win-crt-runtime-l1-1-0.dll
 0002:00000074       __imp___register_onexit_function 00402074     ucrt:api-ms-win-crt-runtime-l1-1-0.dll
 0002:00000078       __imp___c_exit             00402078     ucrt:api-ms-win-crt-runtime-l1-1-0.dll
 0002:0000007c       __imp___crt_atexit         0040207c     ucrt:api-ms-win-crt-runtime-l1-1-0.dll
 0002:00000080       __imp___controlfp_s        00402080     ucrt:api-ms-win-crt-runtime-l1-1-0.dll
 0002:00000084       __imp__terminate           00402084     ucrt:api-ms-win-crt-runtime-l1-1-0.dll
 0002:00000088       __imp__exit                00402088     ucrt:api-ms-win-crt-runtime-l1-1-0.dll
 0002:0000008c       __imp___initterm_e         0040208c     ucrt:api-ms-win-crt-runtime-l1-1-0.dll
 0002:00000090       __imp___register_thread_local_exe_atexit_callback 00402090     ucrt:api-ms-win-crt-runtime-l1-1-0.dll
 0002:00000094       __imp___cexit              00402094     ucrt:api-ms-win-crt-runtime-l1-1-0.dll
 0002:00000098       __imp___exit               00402098     ucrt:api-ms-win-crt-runtime-l1-1-0.dll
 0002:0000009c       __imp___initialize_narrow_environment 0040209c     ucrt:api-ms-win-crt-runtime-l1-1-0.dll
 0002:000000a0       __imp___configure_narrow_argv 004020a0     ucrt:api-ms-win-crt-runtime-l1-1-0.dll
 0002:000000a4       __imp____p___argv          004020a4     ucrt:api-ms-win-crt-runtime-l1-1-0.dll
 0002:000000a8       __imp___set_app_type       004020a8     ucrt:api-ms-win-crt-runtime-l1-1-0.dll
 0002:000000ac       __imp___seh_filter_exe     004020ac     ucrt:api-ms-win-crt-runtime-l1-1-0.dll
 0002:000000b0       __imp___initterm           004020b0     ucrt:api-ms-win-crt-runtime-l1-1-0.dll
 0002:000000b4       \177api-ms-win-crt-runtime-l1-1-0_NULL_THUNK_DATA 004020b4     ucrt:api-ms-win-crt-runtime-l1-1-0.dll
 0002:000000b8       __imp____stdio_common_vfprintf 004020b8     ucrt:api-ms-win-crt-stdio-l1-1-0.dll
 0002:000000bc       __imp____p__commode        004020bc     ucrt:api-ms-win-crt-stdio-l1-1-0.dll
 0002:000000c0       __imp___set_fmode          004020c0     ucrt:api-ms-win-crt-stdio-l1-1-0.dll
 0002:000000c4       __imp____acrt_iob_func     004020c4     ucrt:api-ms-win-crt-stdio-l1-1-0.dll
 0002:000000c8       \177api-ms-win-crt-stdio-l1-1-0_NULL_THUNK_DATA 004020c8     ucrt:api-ms-win-crt-stdio-l1-1-0.dll
 0002:000000cc       ___guard_check_icall_fptr  004020cc     MSVCRT:guard_support.obj
 0002:000000d0       ___xc_a                    004020d0     MSVCRT:initializers.obj
 0002:000000d8       ___xc_z                    004020d8     MSVCRT:initializers.obj
 0002:000000dc       ___xi_a                    004020dc     MSVCRT:initializers.obj
 0002:000000e8       ___xi_z                    004020e8     MSVCRT:initializers.obj
 0002:000000ec       ___xp_a                    004020ec     MSVCRT:initializers.obj
 0002:000000f0       ___xp_z                    004020f0     MSVCRT:initializers.obj
 0002:000000f4       ___xt_a                    004020f4     MSVCRT:initializers.obj
 0002:000000f8       ___xt_z                    004020f8     MSVCRT:initializers.obj
 0002:00000108       ??_C@_0O@NFOCKKMG@Hello?5World?$CB?6@ 00402108     UnitTests.obj
 0002:00000118       ??_C@_0L@IADKJMHM@?6?$CFs?5done?$CB?6@ 00402118     UnitTests.obj
 0002:00000124       ??_C@_0BC@KDKOFHEL@?6program?5aborted?6@ 00402124     UnitTests.obj
 0002:000001b0       __load_config_used         004021b0     MSVCRT:loadcfg.obj
 0002:00000260       ___safe_se_handler_table   00402260     <linker-defined>
 0002:00000550       ___rtc_iaa                 00402550     MSVCRT:initsect.obj
 0002:00000554       ___rtc_izz                 00402554     MSVCRT:initsect.obj
 0002:00000558       ___rtc_taa                 00402558     MSVCRT:initsect.obj
 0002:0000055c       ___rtc_tzz                 0040255c     MSVCRT:initsect.obj
 0002:0000059c       __IMPORT_DESCRIPTOR_NativeConssoleAppAids32 0040259c     NativeConssoleAppAids32:NativeConssoleAppAids32.dll
 0002:000005b0       __IMPORT_DESCRIPTOR_KERNEL32 004025b0     kernel32:KERNEL32.dll
 0002:000005c4       __IMPORT_DESCRIPTOR_VCRUNTIME140 004025c4     vcruntime:VCRUNTIME140.dll
 0002:000005d8       __IMPORT_DESCRIPTOR_api-ms-win-crt-stdio-l1-1-0 004025d8     ucrt:api-ms-win-crt-stdio-l1-1-0.dll
 0002:000005ec       __IMPORT_DESCRIPTOR_api-ms-win-crt-runtime-l1-1-0 004025ec     ucrt:api-ms-win-crt-runtime-l1-1-0.dll
 0002:00000600       __IMPORT_DESCRIPTOR_api-ms-win-crt-math-l1-1-0 00402600     ucrt:api-ms-win-crt-math-l1-1-0.dll
 0002:00000614       __IMPORT_DESCRIPTOR_api-ms-win-crt-locale-l1-1-0 00402614     ucrt:api-ms-win-crt-locale-l1-1-0.dll
 0002:00000628       __IMPORT_DESCRIPTOR_api-ms-win-crt-heap-l1-1-0 00402628     ucrt:api-ms-win-crt-heap-l1-1-0.dll
 0002:0000063c       __NULL_IMPORT_DESCRIPTOR   0040263c     NativeConssoleAppAids32:NativeConssoleAppAids32.dll
 0003:00000000       ___security_cookie_complement 00403000     MSVCRT:gs_cookie.obj
 0003:00000004       ___security_cookie         00403004     MSVCRT:gs_cookie.obj
 0003:00000008       ___scrt_native_dllmain_reason 00403008     MSVCRT:utility.obj
 0003:0000000c       ___scrt_default_matherr    0040300c     MSVCRT:matherr.obj
 0003:00000010       ___isa_enabled             00403010     MSVCRT:cpu_disp.obj
 0003:00000014       ___scrt_ucrt_dll_is_in_use 00403014     MSVCRT:ucrt_stubs.obj
 0003:0000033c       ___scrt_current_native_startup_state 0040333c     MSVCRT:utility.obj
 0003:00000340       ___scrt_native_startup_lock 00403340     MSVCRT:utility.obj
 0003:00000360       ?__type_info_root_node@@3U__type_info_node@@A 00403360     MSVCRT:tncleanup.obj
 0003:00000368       ?_OptionsStorage@?1??__local_stdio_scanf_options@@9@4_KA 00403368     MSVCRT:default_local_stdio_options.obj
 0003:00000370       ___scrt_debugger_hook_flag 00403370     MSVCRT:utility_desktop.obj
 0003:00000374       ___isa_available           00403374     MSVCRT:cpu_disp.obj
 0003:00000378       ___favor                   00403378     MSVCRT:cpu_disp.obj
 0003:0000037c       ___dyn_tls_dtor_callback   0040337c     <common>
 0003:00000380       ___dyn_tls_init_callback   00403380     <common>
 0003:00000388       ?_OptionsStorage@?1??__local_stdio_printf_options@@9@9 00403388     <common>
 0003:00000390       _wfcuParams                00403390     <common>

 entry point at        0001:00000306

 Static symbols

 0000:ffff8000       .debug$S                   00400000     kernel32:KERNEL32.dll
 0000:ffff8000       .debug$S                   00400000     ucrt:api-ms-win-crt-runtime-l1-1-0.dll
 0000:ffff8000       .debug$S                   00400000     ucrt:api-ms-win-crt-runtime-l1-1-0.dll
 0000:ffff8000       .debug$S                   00400000     ucrt:api-ms-win-crt-runtime-l1-1-0.dll
 0000:ffff8000       .debug$S                   00400000     ucrt:api-ms-win-crt-math-l1-1-0.dll
 0000:ffff8000       .debug$S                   00400000     ucrt:api-ms-win-crt-runtime-l1-1-0.dll
 0000:ffff8000       .debug$S                   00400000     ucrt:api-ms-win-crt-runtime-l1-1-0.dll
 0000:ffff8000       .debug$S                   00400000     ucrt:api-ms-win-crt-stdio-l1-1-0.dll
 0000:ffff8000       .debug$S                   00400000     ucrt:api-ms-win-crt-stdio-l1-1-0.dll
 0000:ffff8000       .debug$S                   00400000     kernel32:KERNEL32.dll
 0000:ffff8000       .debug$S                   00400000     kernel32:KERNEL32.dll
 0000:ffff8000       .debug$S                   00400000     kernel32:KERNEL32.dll
 0000:ffff8000       .debug$S                   00400000     kernel32:KERNEL32.dll
 0000:ffff8000       .debug$S                   00400000     kernel32:KERNEL32.dll
 0000:ffff8000       .debug$S                   00400000     kernel32:KERNEL32.dll
 0000:ffff8000       .debug$S                   00400000     kernel32:KERNEL32.dll
 0000:ffff8000       .debug$S                   00400000     kernel32:KERNEL32.dll
 0000:ffff8000       .debug$S                   00400000     kernel32:KERNEL32.dll
 0000:ffff8000       .debug$S                   00400000     kernel32:KERNEL32.dll
 0000:ffff8000       .debug$S                   00400000     kernel32:KERNEL32.dll
 0000:ffff8000       .debug$S                   00400000     vcruntime:VCRUNTIME140.dll
 0000:ffff8000       .debug$S                   00400000     kernel32:KERNEL32.dll
 0000:ffff8000       .debug$S                   00400000     vcruntime:VCRUNTIME140.dll
 0000:ffff8000       .debug$S                   00400000     vcruntime:VCRUNTIME140.dll
 0000:ffff8000       .debug$S                   00400000     NativeConssoleAppAids32:NativeConssoleAppAids32.dll
 0000:ffff8000       .debug$S                   00400000     kernel32:KERNEL32.dll
 0000:ffff8000       .debug$S                   00400000     NativeConssoleAppAids32:NativeConssoleAppAids32.dll
 0000:ffff8000       .debug$S                   00400000     ucrt:api-ms-win-crt-runtime-l1-1-0.dll
 0000:ffff8000       .debug$S                   00400000     ucrt:api-ms-win-crt-runtime-l1-1-0.dll
 0000:ffff8000       .debug$S                   00400000     ucrt:api-ms-win-crt-runtime-l1-1-0.dll
 0000:ffff8000       .debug$S                   00400000     ucrt:api-ms-win-crt-runtime-l1-1-0.dll
 0000:ffff8000       .debug$S                   00400000     ucrt:api-ms-win-crt-runtime-l1-1-0.dll
 0000:ffff8000       .debug$S                   00400000     ucrt:api-ms-win-crt-runtime-l1-1-0.dll
 0000:ffff8000       .debug$S                   00400000     ucrt:api-ms-win-crt-runtime-l1-1-0.dll
 0000:ffff8000       .debug$S                   00400000     ucrt:api-ms-win-crt-runtime-l1-1-0.dll
 0000:ffff8000       .debug$S                   00400000     ucrt:api-ms-win-crt-stdio-l1-1-0.dll
 0000:ffff8000       .debug$S                   00400000     ucrt:api-ms-win-crt-heap-l1-1-0.dll
 0000:ffff8000       .debug$S                   00400000     ucrt:api-ms-win-crt-locale-l1-1-0.dll
 0000:ffff8000       .debug$S                   00400000     ucrt:api-ms-win-crt-runtime-l1-1-0.dll
 0000:ffff8000       .debug$S                   00400000     ucrt:api-ms-win-crt-runtime-l1-1-0.dll
 0000:ffff8000       .debug$S                   00400000     ucrt:api-ms-win-crt-runtime-l1-1-0.dll
 0000:ffff8000       .debug$S                   00400000     ucrt:api-ms-win-crt-runtime-l1-1-0.dll
 0000:ffff8000       .debug$S                   00400000     ucrt:api-ms-win-crt-runtime-l1-1-0.dll
 0000:ffff8000       .debug$S                   00400000     ucrt:api-ms-win-crt-stdio-l1-1-0.dll
 0000:ffff8000       .debug$S                   00400000     ucrt:api-ms-win-crt-runtime-l1-1-0.dll
 0000:ffff8000       .debug$S                   00400000     ucrt:api-ms-win-crt-runtime-l1-1-0.dll
 0000:ffff8000       .debug$S                   00400000     ucrt:api-ms-win-crt-runtime-l1-1-0.dll
 0000:ffff8000       .debug$S                   00400000     ucrt:api-ms-win-crt-runtime-l1-1-0.dll
 0001:000000bf       ?pre_c_initialization@@YAHXZ 004010bf f   MSVCRT:exe_main.obj
 0001:0000016a       ?post_pgo_initialization@@YAHXZ 0040116a f   MSVCRT:exe_main.obj
 0001:00000172       ?pre_cpp_initialization@@YAXXZ 00401172 f   MSVCRT:exe_main.obj
 0001:00000184       ?__scrt_common_main_seh@@YAHXZ 00401184 f   MSVCRT:exe_main.obj
 0001:00000431       ?find_pe_section@@YAPAU_IMAGE_SECTION_HEADER@@QAEI@Z 00401431 f   MSVCRT:utility.obj
 0001:00000682       ___get_entropy             00401682 f   MSVCRT:gs_support.obj
 0001:000009b0       $$000000                   004019b0     MSVCRT:sehprolg4.obj
 0002:000000d4       ?pre_cpp_initializer@@3P6AXXZA 004020d4     MSVCRT:exe_main.obj
 0002:000000e0       ?pre_c_initializer@@3P6AHXZA 004020e0     MSVCRT:exe_main.obj
 0002:000000e4       ?post_pgo_initializer@@3P6AHXZA 004020e4     MSVCRT:exe_main.obj
 0002:00000100       _GS_ExceptionPointers      00402100     MSVCRT:gs_report.obj
 0002:00000560       __sehtable$?__scrt_common_main_seh@@YAHXZ 00402560     MSVCRT:exe_main.obj
 0002:00000580       __sehtable$___scrt_is_nonwritable_in_current_image 00402580     MSVCRT:utility.obj
 0002:0000074a       .idata$6                   0040274a     NativeConssoleAppAids32:NativeConssoleAppAids32.dll
 0002:00000776       .idata$6                   00402776     kernel32:KERNEL32.dll
 0002:000007a8       .idata$6                   004027a8     vcruntime:VCRUNTIME140.dll
 0002:000009a8       .idata$6                   004029a8     ucrt:api-ms-win-crt-stdio-l1-1-0.dll
 0002:000009c8       .idata$6                   004029c8     ucrt:api-ms-win-crt-runtime-l1-1-0.dll
 0002:000009ea       .idata$6                   004029ea     ucrt:api-ms-win-crt-math-l1-1-0.dll
 0002:00000a0a       .idata$6                   00402a0a     ucrt:api-ms-win-crt-locale-l1-1-0.dll
 0002:00000a2c       .idata$6                   00402a2c     ucrt:api-ms-win-crt-heap-l1-1-0.dll
 0003:00000020       _GS_ExceptionRecord        00403020     MSVCRT:gs_report.obj
 0003:00000070       _GS_ContextRecord          00403070     MSVCRT:gs_report.obj
 0003:00000344       ?is_initialized_as_dll@@3_NA 00403344     MSVCRT:utility.obj
 0003:00000345       ?module_local_atexit_table_initialized@@3_NA 00403345     MSVCRT:utility.obj
 0003:00000348       ?module_local_atexit_table@@3U_onexit_table_t@@A 00403348     MSVCRT:utility.obj
 0003:00000354       ?module_local_at_quick_exit_table@@3U_onexit_table_t@@A 00403354     MSVCRT:utility.obj
 0004:00000220       $R000000                   00404220     UnitTests.res
 0004:000006c8       $R0004A8                   004046c8     UnitTests.res
 0004:000009b0       $R000790                   004049b0     UnitTests.res
 0004:00000ad8       $R0008B8                   00404ad8     UnitTests.res
 0004:00001380       $R001160                   00405380     UnitTests.res
 0004:00002228       $R002008                   00406228     UnitTests.res
 0004:00002890       $R002670                   00406890     UnitTests.res
 0004:00002df8       $R002BD8                   00406df8     UnitTests.res
 0004:00002e58       $R002C38                   00406e58     UnitTests.res
