 UnitTests32

 Timestamp is 5d3b6140 (Fri Jul 26 15:23:28 2019)

 Preferred load address is 00400000

 Start         Length     Name                   Class
 0001:00000000 00001584H .text$mn                CODE
 0002:00000000 000000bcH .idata$5                DATA
 0002:000000bc 00000004H .00cfg                  DATA
 0002:000000c0 00000004H .CRT$XCA                DATA
 0002:000000c4 00000004H .CRT$XCAA               DATA
 0002:000000c8 00000004H .CRT$XCZ                DATA
 0002:000000cc 00000004H .CRT$XIA                DATA
 0002:000000d0 00000004H .CRT$XIAA               DATA
 0002:000000d4 00000004H .CRT$XIAC               DATA
 0002:000000d8 00000004H .CRT$XIZ                DATA
 0002:000000dc 00000004H .CRT$XPA                DATA
 0002:000000e0 00000004H .CRT$XPZ                DATA
 0002:000000e4 00000004H .CRT$XTA                DATA
 0002:000000e8 00000008H .CRT$XTZ                DATA
 0002:000000ec 00000000H .gfids$y                DATA
 0002:000000f0 00000140H .rdata                  DATA
 0002:00000230 00000004H .rdata$sxdata           DATA
 0002:00000234 000002fcH .rdata$zzzdbg           DATA
 0002:00000530 00000004H .rtc$IAA                DATA
 0002:00000534 00000004H .rtc$IZZ                DATA
 0002:00000538 00000004H .rtc$TAA                DATA
 0002:0000053c 00000004H .rtc$TZZ                DATA
 0002:00000540 0000003cH .xdata$x                DATA
 0002:0000057c 00000000H .edata                  DATA
 0002:0000057c 00000050H .idata$2                DATA
 0002:000005cc 00000014H .idata$3                DATA
 0002:000005e0 000000bcH .idata$4                DATA
 0002:0000069c 000003b6H .idata$6                DATA
 0003:00000000 00000020H .data                   DATA
 0003:00000020 0000038cH .bss                    DATA
 0004:00000000 00000010H .msvcjmc                DATA
 0005:00000000 00000220H .rsrc$01                DATA
 0005:00000220 00002db8H .rsrc$02                DATA

  Address         Publics by Value              Rva+Base       Lib:Object

 0000:00000000       ___guard_iat_table         00000000     <absolute>
 0000:00000000       ___hybrid_code_map         00000000     <absolute>
 0000:00000000       ___hybrid_code_map_count   00000000     <absolute>
 0000:00000000       ___guard_fids_count        00000000     <absolute>
 0000:00000000       ___hybrid_auxiliary_iat    00000000     <absolute>
 0000:00000000       ___guard_fids_table        00000000     <absolute>
 0000:00000000       ___guard_iat_count         00000000     <absolute>
 0000:00000000       ___guard_longjmp_table     00000000     <absolute>
 0000:00000000       ___volatile_metadata       00000000     <absolute>
 0000:00000000       ___enclave_config          00000000     <absolute>
 0000:00000000       ___AbsoluteZero            00000000     <absolute>
 0000:00000000       ___dynamic_value_reloc_table 00000000     <absolute>
 0000:00000000       ___guard_longjmp_count     00000000     <absolute>
 0000:00000001       ___safe_se_handler_count   00000001     <absolute>
 0000:00000100       ___guard_flags             00000100     <absolute>
 0000:00000000       ___ImageBase               00400000     <linker-defined>
 0001:00000000       ___local_stdio_printf_options 00401000 f i UnitTests.obj
 0001:00000020       _main                      00401020 f   UnitTests.obj
 0001:000000c0       _printf                    004010c0 f i UnitTests.obj
 0001:00000120       @__CheckForDebuggerJustMyCode@4 00401120 f   MSVCRTD:debugger_jmc.obj
 0001:00000470       ?configure_argv@__scrt_narrow_argv_policy@@SAHXZ 00401470 f i MSVCRTD:exe_main.obj
 0001:00000490       ?initialize_environment@__scrt_narrow_environment_policy@@SAHXZ 00401490 f i MSVCRTD:exe_main.obj
 0001:000004e0       ?set_app_type@__scrt_main_policy@@SAXXZ 004014e0 f i MSVCRTD:exe_main.obj
 0001:000004f0       ?set_commode@__scrt_file_policy@@SAXXZ 004014f0 f i MSVCRTD:exe_main.obj
 0001:00000510       ?set_fmode@__scrt_file_policy@@SAXXZ 00401510 f i MSVCRTD:exe_main.obj
 0001:00000530       _mainCRTStartup            00401530 f   MSVCRTD:exe_main.obj
 0001:00000640       _NtCurrentTeb              00401640 f i MSVCRTD:utility.obj
 0001:00000650       ___scrt_acquire_startup_lock 00401650 f   MSVCRTD:utility.obj
 0001:000006a0       ___scrt_initialize_crt     004016a0 f   MSVCRTD:utility.obj
 0001:000006f0       ___scrt_initialize_onexit_tables 004016f0 f   MSVCRTD:utility.obj
 0001:000007d0       ___scrt_is_nonwritable_in_current_image 004017d0 f   MSVCRTD:utility.obj
 0001:00000900       ___scrt_release_startup_lock 00401900 f   MSVCRTD:utility.obj
 0001:00000930       ___scrt_uninitialize_crt   00401930 f   MSVCRTD:utility.obj
 0001:00000970       __onexit                   00401970 f   MSVCRTD:utility.obj
 0001:000009e0       _atexit                    004019e0 f   MSVCRTD:utility.obj
 0001:00000a80       ___security_init_cookie    00401a80 f   MSVCRTD:gs_support.obj
 0001:00000b00       __get_startup_new_mode     00401b00 f   MSVCRTD:new_mode.obj
 0001:00000b00       ___scrt_stub_for_initialize_mta 00401b00 f   MSVCRTD:utility_desktop.obj
 0001:00000b00       __get_startup_commit_mode  00401b00 f   MSVCRTD:commit_mode.obj
 0001:00000b00       ___scrt_initialize_winrt   00401b00 f   MSVCRTD:utility_desktop.obj
 0001:00000b00       ___scrt_exe_initialize_mta 00401b00 f   MSVCRTD:utility_desktop.obj
 0001:00000b00       __matherr                  00401b00 f   MSVCRTD:matherr.obj
 0001:00000b00       __get_startup_thread_locale_mode 00401b00 f   MSVCRTD:thread_locale.obj
 0001:00000b10       __get_startup_argv_mode    00401b10 f   MSVCRTD:argv_mode.obj
 0001:00000b20       __get_startup_file_mode    00401b20 f   MSVCRTD:file_mode.obj
 0001:00000b30       ?__scrt_initialize_type_info@@YAXXZ 00401b30 f   MSVCRTD:tncleanup.obj
 0001:00000b40       ___vcrt_uninitialize       00401b40 f   MSVCRTD:ucrt_stubs.obj
 0001:00000b40       ___acrt_uninitialize       00401b40 f   MSVCRTD:ucrt_stubs.obj
 0001:00000b40       ___scrt_stub_for_acrt_uninitialize 00401b40 f   MSVCRTD:ucrt_stubs.obj
 0001:00000b40       __should_initialize_environment 00401b40 f   MSVCRTD:env_mode.obj
 0001:00000b40       ___acrt_initialize         00401b40 f   MSVCRTD:ucrt_stubs.obj
 0001:00000b40       ___vcrt_initialize         00401b40 f   MSVCRTD:ucrt_stubs.obj
 0001:00000b40       ___scrt_stub_for_acrt_initialize 00401b40 f   MSVCRTD:ucrt_stubs.obj
 0001:00000b50       __initialize_default_precision 00401b50 f   MSVCRTD:default_precision.obj
 0001:00000b80       __initialize_denormal_control 00401b80 f   MSVCRTD:denormal_control.obj
 0001:00000b80       __initialize_invalid_parameter_handler 00401b80 f   MSVCRTD:invalid_parameter_handler.obj
 0001:00000b90       ___local_stdio_scanf_options 00401b90 f i MSVCRTD:default_local_stdio_options.obj
 0001:00000ba0       ___scrt_initialize_default_local_stdio_options 00401ba0 f   MSVCRTD:default_local_stdio_options.obj
 0001:00000be0       ___scrt_is_user_matherr_present 00401be0 f   MSVCRTD:matherr_detection.obj
 0001:00000c10       ___scrt_get_dyn_tls_init_callback 00401c10 f   MSVCRTD:dyn_tls_init.obj
 0001:00000c20       ___scrt_get_dyn_tls_dtor_callback 00401c20 f   MSVCRTD:dyn_tls_dtor.obj
 0001:00000c30       ___scrt_fastfail           00401c30 f   MSVCRTD:utility_desktop.obj
 0001:00000d70       ___scrt_initialize_mta     00401d70 f   MSVCRTD:utility_desktop.obj
 0001:00000d80       ___scrt_is_managed_app     00401d80 f   MSVCRTD:utility_desktop.obj
 0001:00000e10       ___scrt_set_unhandled_exception_filter 00401e10 f   MSVCRTD:utility_desktop.obj
 0001:00000e20       ___scrt_unhandled_exception_filter@4 00401e20 f   MSVCRTD:utility_desktop.obj
 0001:00000e80       __crt_debugger_hook        00401e80 f   MSVCRTD:utility_desktop.obj
 0001:00000e90       __RTC_Initialize           00401e90 f   MSVCRTD:initsect.obj
 0001:00000ec0       __RTC_Terminate            00401ec0 f   MSVCRTD:initsect.obj
 0001:00000ef0       __except_handler4          00401ef0 f   MSVCRTD:chandler4gs.obj
 0001:00000f30       @_guard_check_icall_nop@4  00401f30 f i MSVCRTD:guard_support.obj
 0001:00000f40       ___isa_available_init      00401f40 f   MSVCRTD:cpu_disp.obj
 0001:00001220       ___scrt_is_ucrt_dll_in_use 00402220 f   MSVCRTD:ucrt_detection.obj
 0001:00001250       @__security_check_cookie@4 00402250 f   MSVCRTD:secchk.obj
 0001:00001270       ___raise_securityfailure   00402270 f   MSVCRTD:gs_report.obj
 0001:000012a0       ___report_gsfailure        004022a0 f   MSVCRTD:gs_report.obj
 0001:000013a3       _memset                    004023a3 f   vcruntimed:VCRUNTIME140D.dll
 0001:000013a9       __except_handler4_common   004023a9 f   vcruntimed:VCRUNTIME140D.dll
 0001:000013af       __seh_filter_exe           004023af f   ucrtd:ucrtbased.dll
 0001:000013b5       __set_app_type             004023b5 f   ucrtd:ucrtbased.dll
 0001:000013bb       ___setusermatherr          004023bb f   ucrtd:ucrtbased.dll
 0001:000013c1       __configure_narrow_argv    004023c1 f   ucrtd:ucrtbased.dll
 0001:000013c7       __initialize_narrow_environment 004023c7 f   ucrtd:ucrtbased.dll
 0001:000013cd       __get_initial_narrow_environment 004023cd f   ucrtd:ucrtbased.dll
 0001:000013d3       __initterm                 004023d3 f   ucrtd:ucrtbased.dll
 0001:000013d9       __initterm_e               004023d9 f   ucrtd:ucrtbased.dll
 0001:000013df       _exit                      004023df f   ucrtd:ucrtbased.dll
 0001:000013e5       __exit                     004023e5 f   ucrtd:ucrtbased.dll
 0001:000013eb       __set_fmode                004023eb f   ucrtd:ucrtbased.dll
 0001:000013f1       ___p___argc                004023f1 f   ucrtd:ucrtbased.dll
 0001:000013f7       ___p___argv                004023f7 f   ucrtd:ucrtbased.dll
 0001:000013fd       __cexit                    004023fd f   ucrtd:ucrtbased.dll
 0001:00001403       __c_exit                   00402403 f   ucrtd:ucrtbased.dll
 0001:00001409       __register_thread_local_exe_atexit_callback 00402409 f   ucrtd:ucrtbased.dll
 0001:0000140f       __configthreadlocale       0040240f f   ucrtd:ucrtbased.dll
 0001:00001415       __set_new_mode             00402415 f   ucrtd:ucrtbased.dll
 0001:0000141b       ___p__commode              0040241b f   ucrtd:ucrtbased.dll
 0001:00001421       __initialize_onexit_table  00402421 f   ucrtd:ucrtbased.dll
 0001:00001427       __register_onexit_function 00402427 f   ucrtd:ucrtbased.dll
 0001:0000142d       __crt_atexit               0040242d f   ucrtd:ucrtbased.dll
 0001:00001433       __controlfp_s              00402433 f   ucrtd:ucrtbased.dll
 0001:00001439       _terminate                 00402439 f   ucrtd:ucrtbased.dll
 0001:0000143f       _IsProcessorFeaturePresent@4 0040243f f   kernel32:KERNEL32.dll
 0001:00001450       __filter_x86_sse2_floating_point_exception 00402450 f   MSVCRTD:x86_exception_filter.obj
 0001:00001450       __filter_x86_sse2_floating_point_exception_default 00402450 f   MSVCRTD:x86_exception_filter.obj
 0002:00000000       __imp__TerminateProcess@8  00403000     kernel32:KERNEL32.dll
 0002:00000004       __imp__QueryPerformanceCounter@4 00403004     kernel32:KERNEL32.dll
 0002:00000008       __imp__GetCurrentProcess@0 00403008     kernel32:KERNEL32.dll
 0002:0000000c       __imp__GetLastError@0      0040300c     kernel32:KERNEL32.dll
 0002:00000010       __imp__GetCurrentProcessId@0 00403010     kernel32:KERNEL32.dll
 0002:00000014       __imp__GetModuleHandleW@4  00403014     kernel32:KERNEL32.dll
 0002:00000018       __imp__IsProcessorFeaturePresent@4 00403018     kernel32:KERNEL32.dll
 0002:0000001c       __imp__SetUnhandledExceptionFilter@4 0040301c     kernel32:KERNEL32.dll
 0002:00000020       __imp__UnhandledExceptionFilter@4 00403020     kernel32:KERNEL32.dll
 0002:00000024       __imp__IsDebuggerPresent@0 00403024     kernel32:KERNEL32.dll
 0002:00000028       __imp__InitializeSListHead@4 00403028     kernel32:KERNEL32.dll
 0002:0000002c       __imp__GetSystemTimeAsFileTime@4 0040302c     kernel32:KERNEL32.dll
 0002:00000030       __imp__GetCurrentThreadId@0 00403030     kernel32:KERNEL32.dll
 0002:00000034       \177KERNEL32_NULL_THUNK_DATA 00403034     kernel32:KERNEL32.dll
 0002:00000038       __imp__WaitForCarbonUnitA@4 00403038     NativeConssoleAppAids32:NativeConssoleAppAids32.dll
 0002:0000003c       __imp__ShowProgramInfoA@4  0040303c     NativeConssoleAppAids32:NativeConssoleAppAids32.dll
 0002:00000040       \177NativeConssoleAppAids32_NULL_THUNK_DATA 00403040     NativeConssoleAppAids32:NativeConssoleAppAids32.dll
 0002:00000044       __imp___except_handler4_common 00403044     vcruntimed:VCRUNTIME140D.dll
 0002:00000048       __imp__memset              00403048     vcruntimed:VCRUNTIME140D.dll
 0002:0000004c       \177VCRUNTIME140D_NULL_THUNK_DATA 0040304c     vcruntimed:VCRUNTIME140D.dll
 0002:00000050       __imp____p___argc          00403050     ucrtd:ucrtbased.dll
 0002:00000054       __imp____p___argv          00403054     ucrtd:ucrtbased.dll
 0002:00000058       __imp___cexit              00403058     ucrtd:ucrtbased.dll
 0002:0000005c       __imp___c_exit             0040305c     ucrtd:ucrtbased.dll
 0002:00000060       __imp___get_initial_narrow_environment 00403060     ucrtd:ucrtbased.dll
 0002:00000064       __imp___configthreadlocale 00403064     ucrtd:ucrtbased.dll
 0002:00000068       __imp___set_new_mode       00403068     ucrtd:ucrtbased.dll
 0002:0000006c       __imp____p__commode        0040306c     ucrtd:ucrtbased.dll
 0002:00000070       __imp___initialize_onexit_table 00403070     ucrtd:ucrtbased.dll
 0002:00000074       __imp___register_onexit_function 00403074     ucrtd:ucrtbased.dll
 0002:00000078       __imp___exit               00403078     ucrtd:ucrtbased.dll
 0002:0000007c       __imp___crt_atexit         0040307c     ucrtd:ucrtbased.dll
 0002:00000080       __imp___controlfp_s        00403080     ucrtd:ucrtbased.dll
 0002:00000084       __imp__terminate           00403084     ucrtd:ucrtbased.dll
 0002:00000088       __imp__exit                00403088     ucrtd:ucrtbased.dll
 0002:0000008c       __imp___initialize_narrow_environment 0040308c     ucrtd:ucrtbased.dll
 0002:00000090       __imp___configure_narrow_argv 00403090     ucrtd:ucrtbased.dll
 0002:00000094       __imp____setusermatherr    00403094     ucrtd:ucrtbased.dll
 0002:00000098       __imp___set_app_type       00403098     ucrtd:ucrtbased.dll
 0002:0000009c       __imp___seh_filter_exe     0040309c     ucrtd:ucrtbased.dll
 0002:000000a0       __imp____stdio_common_vfprintf 004030a0     ucrtd:ucrtbased.dll
 0002:000000a4       __imp____acrt_iob_func     004030a4     ucrtd:ucrtbased.dll
 0002:000000a8       __imp___set_fmode          004030a8     ucrtd:ucrtbased.dll
 0002:000000ac       __imp___initterm_e         004030ac     ucrtd:ucrtbased.dll
 0002:000000b0       __imp___initterm           004030b0     ucrtd:ucrtbased.dll
 0002:000000b4       __imp___register_thread_local_exe_atexit_callback 004030b4     ucrtd:ucrtbased.dll
 0002:000000b8       \177ucrtbased_NULL_THUNK_DATA 004030b8     ucrtd:ucrtbased.dll
 0002:000000bc       ___guard_check_icall_fptr  004030bc     MSVCRTD:guard_support.obj
 0002:000000c0       ___xc_a                    004030c0     MSVCRTD:initializers.obj
 0002:000000c8       ___xc_z                    004030c8     MSVCRTD:initializers.obj
 0002:000000cc       ___xi_a                    004030cc     MSVCRTD:initializers.obj
 0002:000000d8       ___xi_z                    004030d8     MSVCRTD:initializers.obj
 0002:000000dc       ___xp_a                    004030dc     MSVCRTD:initializers.obj
 0002:000000e0       ___xp_z                    004030e0     MSVCRTD:initializers.obj
 0002:000000e4       ___xt_a                    004030e4     MSVCRTD:initializers.obj
 0002:000000e8       ___xt_z                    004030e8     MSVCRTD:initializers.obj
 0002:000000f0       ??_C@_0O@NFOCKKMG@Hello?5World?$CB?6@ 004030f0     UnitTests.obj
 0002:00000100       ??_C@_0L@IADKJMHM@?6?$CFs?5done?$CB?6@ 00403100     UnitTests.obj
 0002:0000010c       ??_C@_0BC@KDKOFHEL@?6program?5aborted?6@ 0040310c     UnitTests.obj
 0002:00000188       __load_config_used         00403188     MSVCRTD:loadcfg.obj
 0002:00000230       ___safe_se_handler_table   00403230     <linker-defined>
 0002:00000530       ___rtc_iaa                 00403530     MSVCRTD:initsect.obj
 0002:00000534       ___rtc_izz                 00403534     MSVCRTD:initsect.obj
 0002:00000538       ___rtc_taa                 00403538     MSVCRTD:initsect.obj
 0002:0000053c       ___rtc_tzz                 0040353c     MSVCRTD:initsect.obj
 0002:0000057c       __IMPORT_DESCRIPTOR_NativeConssoleAppAids32 0040357c     NativeConssoleAppAids32:NativeConssoleAppAids32.dll
 0002:00000590       __IMPORT_DESCRIPTOR_KERNEL32 00403590     kernel32:KERNEL32.dll
 0002:000005a4       __IMPORT_DESCRIPTOR_VCRUNTIME140D 004035a4     vcruntimed:VCRUNTIME140D.dll
 0002:000005b8       __IMPORT_DESCRIPTOR_ucrtbased 004035b8     ucrtd:ucrtbased.dll
 0002:000005cc       __NULL_IMPORT_DESCRIPTOR   004035cc     NativeConssoleAppAids32:NativeConssoleAppAids32.dll
 0003:00000000       ___scrt_native_dllmain_reason 00404000     MSVCRTD:utility.obj
 0003:00000004       ___scrt_default_matherr    00404004     MSVCRTD:matherr.obj
 0003:00000008       ___security_cookie_complement 00404008     MSVCRTD:gs_cookie.obj
 0003:0000000c       ___security_cookie         0040400c     MSVCRTD:gs_cookie.obj
 0003:00000010       ___isa_enabled             00404010     MSVCRTD:cpu_disp.obj
 0003:00000014       ___scrt_ucrt_dll_is_in_use 00404014     MSVCRTD:ucrt_stubs.obj
 0003:00000020       ___scrt_current_native_startup_state 00404020     MSVCRTD:utility.obj
 0003:00000024       ___scrt_native_startup_lock 00404024     MSVCRTD:utility.obj
 0003:00000048       ?__type_info_root_node@@3U__type_info_node@@A 00404048     MSVCRTD:tncleanup.obj
 0003:00000050       ?_OptionsStorage@?1??__local_stdio_scanf_options@@9@4_KA 00404050     MSVCRTD:default_local_stdio_options.obj
 0003:00000058       ___scrt_debugger_hook_flag 00404058     MSVCRTD:utility_desktop.obj
 0003:0000005c       ___isa_available           0040405c     MSVCRTD:cpu_disp.obj
 0003:00000060       ___favor                   00404060     MSVCRTD:cpu_disp.obj
 0003:00000388       ?_OptionsStorage@?1??__local_stdio_printf_options@@9@9 00404388     <common>
 0003:00000390       _wfcuParams                00404390     <common>
 0003:000003a0       ___dyn_tls_dtor_callback   004043a0     <common>
 0003:000003a4       ___dyn_tls_init_callback   004043a4     <common>
 0003:000003a8       ___DebuggerCurrentSteppingThreadId 004043a8     <common>

 entry point at        0001:00000530

 Static symbols

 0000:ffff6000       .debug$S                   00400000     kernel32:KERNEL32.dll
 0000:ffff6000       .debug$S                   00400000     ucrtd:ucrtbased.dll
 0000:ffff6000       .debug$S                   00400000     ucrtd:ucrtbased.dll
 0000:ffff6000       .debug$S                   00400000     ucrtd:ucrtbased.dll
 0000:ffff6000       .debug$S                   00400000     ucrtd:ucrtbased.dll
 0000:ffff6000       .debug$S                   00400000     vcruntimed:VCRUNTIME140D.dll
 0000:ffff6000       .debug$S                   00400000     vcruntimed:VCRUNTIME140D.dll
 0000:ffff6000       .debug$S                   00400000     vcruntimed:VCRUNTIME140D.dll
 0000:ffff6000       .debug$S                   00400000     kernel32:KERNEL32.dll
 0000:ffff6000       .debug$S                   00400000     kernel32:KERNEL32.dll
 0000:ffff6000       .debug$S                   00400000     kernel32:KERNEL32.dll
 0000:ffff6000       .debug$S                   00400000     kernel32:KERNEL32.dll
 0000:ffff6000       .debug$S                   00400000     ucrtd:ucrtbased.dll
 0000:ffff6000       .debug$S                   00400000     kernel32:KERNEL32.dll
 0000:ffff6000       .debug$S                   00400000     kernel32:KERNEL32.dll
 0000:ffff6000       .debug$S                   00400000     kernel32:KERNEL32.dll
 0000:ffff6000       .debug$S                   00400000     kernel32:KERNEL32.dll
 0000:ffff6000       .debug$S                   00400000     kernel32:KERNEL32.dll
 0000:ffff6000       .debug$S                   00400000     kernel32:KERNEL32.dll
 0000:ffff6000       .debug$S                   00400000     kernel32:KERNEL32.dll
 0000:ffff6000       .debug$S                   00400000     kernel32:KERNEL32.dll
 0000:ffff6000       .debug$S                   00400000     kernel32:KERNEL32.dll
 0000:ffff6000       .debug$S                   00400000     NativeConssoleAppAids32:NativeConssoleAppAids32.dll
 0000:ffff6000       .debug$S                   00400000     ucrtd:ucrtbased.dll
 0000:ffff6000       .debug$S                   00400000     NativeConssoleAppAids32:NativeConssoleAppAids32.dll
 0000:ffff6000       .debug$S                   00400000     ucrtd:ucrtbased.dll
 0000:ffff6000       .debug$S                   00400000     ucrtd:ucrtbased.dll
 0000:ffff6000       .debug$S                   00400000     ucrtd:ucrtbased.dll
 0000:ffff6000       .debug$S                   00400000     ucrtd:ucrtbased.dll
 0000:ffff6000       .debug$S                   00400000     ucrtd:ucrtbased.dll
 0000:ffff6000       .debug$S                   00400000     ucrtd:ucrtbased.dll
 0000:ffff6000       .debug$S                   00400000     ucrtd:ucrtbased.dll
 0000:ffff6000       .debug$S                   00400000     ucrtd:ucrtbased.dll
 0000:ffff6000       .debug$S                   00400000     ucrtd:ucrtbased.dll
 0000:ffff6000       .debug$S                   00400000     ucrtd:ucrtbased.dll
 0000:ffff6000       .debug$S                   00400000     ucrtd:ucrtbased.dll
 0000:ffff6000       .debug$S                   00400000     ucrtd:ucrtbased.dll
 0000:ffff6000       .debug$S                   00400000     ucrtd:ucrtbased.dll
 0000:ffff6000       .debug$S                   00400000     ucrtd:ucrtbased.dll
 0000:ffff6000       .debug$S                   00400000     ucrtd:ucrtbased.dll
 0000:ffff6000       .debug$S                   00400000     ucrtd:ucrtbased.dll
 0000:ffff6000       .debug$S                   00400000     ucrtd:ucrtbased.dll
 0000:ffff6000       .debug$S                   00400000     ucrtd:ucrtbased.dll
 0000:ffff6000       .debug$S                   00400000     ucrtd:ucrtbased.dll
 0000:ffff6000       .debug$S                   00400000     ucrtd:ucrtbased.dll
 0000:ffff6000       .debug$S                   00400000     ucrtd:ucrtbased.dll
 0000:ffff6000       .debug$S                   00400000     ucrtd:ucrtbased.dll
 0000:ffff6000       .debug$S                   00400000     ucrtd:ucrtbased.dll
 0001:00000160       ?pre_c_initialization@@YAHXZ 00401160 f   MSVCRTD:exe_main.obj
 0001:00000210       ?post_pgo_initialization@@YAHXZ 00401210 f   MSVCRTD:exe_main.obj
 0001:00000220       ?pre_cpp_initialization@@YAXXZ 00401220 f   MSVCRTD:exe_main.obj
 0001:00000240       ?__scrt_common_main@@YAHXZ 00401240 f   MSVCRTD:exe_main.obj
 0001:00000250       ?__scrt_common_main_seh@@YAHXZ 00401250 f   MSVCRTD:exe_main.obj
 0001:000004a0       ?invoke_main@@YAHXZ        004014a0 f   MSVCRTD:exe_main.obj
 0001:00000540       ?find_pe_section@@YAPAU_IMAGE_SECTION_HEADER@@QAEI@Z 00401540 f   MSVCRTD:utility.obj
 0001:000005d0       ?is_potentially_valid_image_base@@YA_NQAX@Z 004015d0 f   MSVCRTD:utility.obj
 0001:00000a10       ___get_entropy             00401a10 f   MSVCRTD:gs_support.obj
 0002:000000c4       ?pre_cpp_initializer@@3P6AXXZA 004030c4     MSVCRTD:exe_main.obj
 0002:000000d0       ?pre_c_initializer@@3P6AHXZA 004030d0     MSVCRTD:exe_main.obj
 0002:000000d4       ?post_pgo_initializer@@3P6AHXZA 004030d4     MSVCRTD:exe_main.obj
 0002:00000120       _GS_ExceptionPointers      00403120     MSVCRTD:gs_report.obj
 0002:00000540       __sehtable$?__scrt_common_main_seh@@YAHXZ 00403540     MSVCRTD:exe_main.obj
 0002:00000560       __sehtable$___scrt_is_nonwritable_in_current_image 00403560     MSVCRTD:utility.obj
 0002:000006ca       .idata$6                   004036ca     NativeConssoleAppAids32:NativeConssoleAppAids32.dll
 0002:000006f6       .idata$6                   004036f6     kernel32:KERNEL32.dll
 0002:00000728       .idata$6                   00403728     vcruntimed:VCRUNTIME140D.dll
 0002:00000928       .idata$6                   00403928     ucrtd:ucrtbased.dll
 0003:00000028       ?is_initialized_as_dll@@3_NA 00404028     MSVCRTD:utility.obj
 0003:00000029       ?module_local_atexit_table_initialized@@3_NA 00404029     MSVCRTD:utility.obj
 0003:0000002c       ?module_local_atexit_table@@3U_onexit_table_t@@A 0040402c     MSVCRTD:utility.obj
 0003:00000038       ?module_local_at_quick_exit_table@@3U_onexit_table_t@@A 00404038     MSVCRTD:utility.obj
 0003:00000068       _GS_ExceptionRecord        00404068     MSVCRTD:gs_report.obj
 0003:000000b8       _GS_ContextRecord          004040b8     MSVCRTD:gs_report.obj
 0004:00000000       __367CC694_corecrt_memcpy_s@h 00405000     UnitTests.obj
 0004:00000001       __DC9673E3_corecrt_wstring@h 00405001     UnitTests.obj
 0004:00000002       __A29A7DFB_string@h        00405002     UnitTests.obj
 0004:00000003       __62A468D7_tchar@h         00405003     UnitTests.obj
 0004:00000004       __F66CEB67_corecrt_stdio_config@h 00405004     UnitTests.obj
 0004:00000005       __101834BA_corecrt_wstdio@h 00405005     UnitTests.obj
 0004:00000006       __AD6A91B7_stdio@h         00405006     UnitTests.obj
 0004:00000007       __7242C389_ctype@h         00405007     UnitTests.obj
 0004:00000008       __90A1F774_basetsd@h       00405008     UnitTests.obj
 0004:00000009       __AF541008_winnt@h         00405009     UnitTests.obj
 0004:0000000a       __0D001789_processthreadsapi@h 0040500a     UnitTests.obj
 0004:0000000b       __F972325D_memoryapi@h     0040500b     UnitTests.obj
 0004:0000000c       __76CD430D_winerror@h      0040500c     UnitTests.obj
 0004:0000000d       __737D49DB_winbase@h       0040500d     UnitTests.obj
 0004:0000000e       __0396F1A5_stralign@h      0040500e     UnitTests.obj
 0004:0000000f       __400E4A03_UnitTests@c     0040500f     UnitTests.obj
 0005:00000220       $R000000                   00406220     UnitTests.res
 0005:000006c8       $R0004A8                   004066c8     UnitTests.res
 0005:000009b0       $R000790                   004069b0     UnitTests.res
 0005:00000ad8       $R0008B8                   00406ad8     UnitTests.res
 0005:00001380       $R001160                   00407380     UnitTests.res
 0005:00002228       $R002008                   00408228     UnitTests.res
 0005:00002890       $R002670                   00408890     UnitTests.res
 0005:00002df8       $R002BD8                   00408df8     UnitTests.res
 0005:00002e58       $R002C38                   00408e58     UnitTests.res
